2026-04-19 07:16:48 | INFO | tfim_1d_nqs | === Multi-N sweep: N in [4, 32] | h=1.000 | 38 J-points ===
2026-04-19 07:16:48 | INFO | tfim_1d_nqs | --- Starting scan for N=4 ---
2026-04-19 07:16:48 | INFO | tfim_1d_nqs | NQS 1D Transverse Field Ising Model
2026-04-19 07:16:48 | INFO | tfim_1d_nqs | System: N=4, h=1.000
2026-04-19 07:16:48 | INFO | tfim_1d_nqs | Scan: 38 J values from -3.000 to 3.000
2026-04-19 07:16:48 | INFO | tfim_1d_nqs | Training: n_iter=200 alpha=4 n_samples=2048 lr=0.01000
2026-04-19 07:16:48 | INFO | tfim_1d_nqs | Training point 1/38 | N=4 | J=-3.000 | h=1.000
2026-04-19 07:17:18 | INFO | tfim_1d_nqs | === Multi-N sweep: N in [4, 32] | h=1.000 | 38 J-points ===
2026-04-19 07:17:18 | INFO | tfim_1d_nqs | --- Starting scan for N=4 ---
2026-04-19 07:17:18 | INFO | tfim_1d_nqs | NQS 1D Transverse Field Ising Model
2026-04-19 07:17:18 | INFO | tfim_1d_nqs | System: N=4, h=1.000
2026-04-19 07:17:18 | INFO | tfim_1d_nqs | Scan: 38 J values from -3.000 to 3.000
2026-04-19 07:17:18 | INFO | tfim_1d_nqs | Training: n_iter=200 alpha=4 n_samples=2048 lr=0.01000
2026-04-19 07:17:18 | INFO | tfim_1d_nqs | Training point 1/38 | N=4 | J=-3.000 | h=1.000
2026-04-19 07:17:37 | INFO | tfim_1d_nqs |   autocorr: tau_int=0.59 | window=3 | n_series=4096
2026-04-19 07:17:37 | INFO | tfim_1d_nqs | Finished J=-3.000 | E/N(NQS)=-3.086185 | E/N(exact)=-3.086696 | err=0.017% | m2=5.7993 | n2=0.0057 | tau_int=0.59
2026-04-19 07:17:37 | INFO | tfim_1d_nqs | Training point 2/38 | N=4 | J=-2.550 | h=1.000
2026-04-19 07:17:44 | INFO | tfim_1d_nqs |   autocorr: tau_int=0.50 | window=3 | n_series=4096
2026-04-19 07:17:44 | INFO | tfim_1d_nqs | Finished J=-2.550 | E/N(NQS)=-2.652782 | E/N(exact)=-2.653436 | err=0.025% | m2=3.8867 | n2=0.0103 | tau_int=0.50
2026-04-19 07:17:44 | INFO | tfim_1d_nqs | Training point 3/38 | N=4 | J=-2.100 | h=1.000
2026-04-19 07:17:52 | INFO | tfim_1d_nqs |   autocorr: tau_int=0.40 | window=3 | n_series=4096
2026-04-19 07:17:52 | INFO | tfim_1d_nqs | Finished J=-2.100 | E/N(NQS)=-2.228382 | E/N(exact)=-2.228448 | err=0.003% | m2=4.3101 | n2=0.0157 | tau_int=0.40
2026-04-19 07:17:52 | INFO | tfim_1d_nqs | Training point 4/38 | N=4 | J=-1.650 | h=1.000
2026-04-19 07:18:17 | INFO | tfim_1d_nqs | === Multi-N sweep: N in [10, 32] | h=1.000 | 38 J-points ===
2026-04-19 07:18:17 | INFO | tfim_1d_nqs | --- Starting scan for N=10 ---
2026-04-19 07:18:17 | INFO | tfim_1d_nqs | NQS 1D Transverse Field Ising Model
2026-04-19 07:18:17 | INFO | tfim_1d_nqs | System: N=10, h=1.000
2026-04-19 07:18:17 | INFO | tfim_1d_nqs | Scan: 38 J values from -3.000 to 3.000
2026-04-19 07:18:17 | INFO | tfim_1d_nqs | Training: n_iter=200 alpha=4 n_samples=2048 lr=0.01000
2026-04-19 07:18:17 | INFO | tfim_1d_nqs | Training point 1/38 | N=10 | J=-3.000 | h=1.000
2026-04-19 07:18:48 | INFO | tfim_1d_nqs |   autocorr: tau_int=0.65 | window=4 | n_series=4096
2026-04-19 07:18:48 | INFO | tfim_1d_nqs | Finished J=-3.000 | E/N(NQS)=-3.083697 | E/N(exact)=-3.083930 | err=0.008% | m2=4.3866 | n2=0.0030 | tau_int=0.65
2026-04-19 07:18:48 | INFO | tfim_1d_nqs | Training point 2/38 | N=10 | J=-2.550 | h=1.000
2026-04-19 07:19:07 | INFO | tfim_1d_nqs |   autocorr: tau_int=0.45 | window=3 | n_series=4096
2026-04-19 07:19:07 | INFO | tfim_1d_nqs | Finished J=-2.550 | E/N(NQS)=-2.649293 | E/N(exact)=-2.649024 | err=0.010% | m2=2.8980 | n2=0.0036 | tau_int=0.45
2026-04-19 07:19:07 | INFO | tfim_1d_nqs | Training point 3/38 | N=10 | J=-2.100 | h=1.000
2026-04-19 07:19:26 | INFO | tfim_1d_nqs |   autocorr: tau_int=0.63 | window=4 | n_series=4096
2026-04-19 07:19:26 | INFO | tfim_1d_nqs | Finished J=-2.100 | E/N(NQS)=-2.220743 | E/N(exact)=-2.220861 | err=0.005% | m2=4.7655 | n2=0.0058 | tau_int=0.63
2026-04-19 07:19:26 | INFO | tfim_1d_nqs | Training point 4/38 | N=10 | J=-1.650 | h=1.000
2026-04-19 07:19:41 | INFO | tfim_1d_nqs | === Multi-N sweep: N in [20, 32] | h=1.000 | 38 J-points ===
2026-04-19 07:19:41 | INFO | tfim_1d_nqs | --- Starting scan for N=20 ---
2026-04-19 07:19:41 | INFO | tfim_1d_nqs | NQS 1D Transverse Field Ising Model
2026-04-19 07:19:41 | INFO | tfim_1d_nqs | System: N=20, h=1.000
2026-04-19 07:19:41 | INFO | tfim_1d_nqs | Scan: 38 J values from -3.000 to 3.000
2026-04-19 07:19:41 | INFO | tfim_1d_nqs | Training: n_iter=200 alpha=4 n_samples=2048 lr=0.01000
2026-04-19 07:19:41 | INFO | tfim_1d_nqs | Training point 1/38 | N=20 | J=-3.000 | h=1.000
2026-04-19 07:20:32 | INFO | tfim_1d_nqs |   autocorr: tau_int=0.53 | window=3 | n_series=4096
2026-04-19 07:20:32 | INFO | tfim_1d_nqs | Finished J=-3.000 | E/N(NQS)=-3.083935 | E/N(exact)=-3.083929 | err=0.000% | m2=6.8603 | n2=0.0014 | tau_int=0.53
2026-04-19 07:20:32 | INFO | tfim_1d_nqs | Training point 2/38 | N=20 | J=-2.550 | h=1.000
2026-04-19 07:21:11 | INFO | tfim_1d_nqs |   autocorr: tau_int=0.66 | window=4 | n_series=4096
2026-04-19 07:21:11 | INFO | tfim_1d_nqs | Finished J=-2.550 | E/N(NQS)=-2.648768 | E/N(exact)=-2.649020 | err=0.010% | m2=4.8511 | n2=0.0021 | tau_int=0.66
2026-04-19 07:21:11 | INFO | tfim_1d_nqs | Training point 3/38 | N=20 | J=-2.100 | h=1.000
2026-04-19 07:24:42 | INFO | tfim_1d_nqs | === Multi-N sweep: N in [4, 8, 16, 32, 64] | h=1.000 | 38 J-points ===
2026-04-19 07:24:42 | INFO | tfim_1d_nqs | --- Starting scan for N=4 ---
2026-04-19 07:24:42 | INFO | tfim_1d_nqs | NQS 1D Transverse Field Ising Model
2026-04-19 07:24:42 | INFO | tfim_1d_nqs | System: N=4, h=1.000
2026-04-19 07:24:42 | INFO | tfim_1d_nqs | Scan: 38 J values from -3.000 to 3.000
2026-04-19 07:24:42 | INFO | tfim_1d_nqs | Training: n_iter=175 alpha=4 n_samples=2048 lr=0.01000
2026-04-19 07:24:42 | INFO | tfim_1d_nqs | Training point 1/38 | N=4 | J=-3.000 | h=1.000
2026-04-19 07:25:00 | INFO | tfim_1d_nqs |   autocorr: tau_int=0.48 | window=3 | n_series=4096
2026-04-19 07:25:00 | INFO | tfim_1d_nqs | Finished J=-3.000 | E/N(NQS)=-3.086573 | E/N(exact)=-3.086696 | err=0.004% | m2=4.3306 | n2=0.0087 | tau_int=0.48
2026-04-19 07:25:00 | INFO | tfim_1d_nqs | Training point 2/38 | N=4 | J=-2.550 | h=1.000
2026-04-19 07:25:08 | INFO | tfim_1d_nqs |   autocorr: tau_int=0.58 | window=3 | n_series=4096
2026-04-19 07:25:08 | INFO | tfim_1d_nqs | Finished J=-2.550 | E/N(NQS)=-2.652845 | E/N(exact)=-2.653436 | err=0.022% | m2=4.7119 | n2=0.0071 | tau_int=0.58
2026-04-19 07:25:08 | INFO | tfim_1d_nqs | Training point 3/38 | N=4 | J=-2.100 | h=1.000
2026-04-19 07:25:15 | INFO | tfim_1d_nqs |   autocorr: tau_int=0.52 | window=3 | n_series=4096
2026-04-19 07:25:15 | INFO | tfim_1d_nqs | Finished J=-2.100 | E/N(NQS)=-2.228644 | E/N(exact)=-2.228448 | err=0.009% | m2=3.8496 | n2=0.0161 | tau_int=0.52
2026-04-19 07:25:15 | INFO | tfim_1d_nqs | Training point 4/38 | N=4 | J=-1.650 | h=1.000
2026-04-19 07:25:22 | INFO | tfim_1d_nqs |   autocorr: tau_int=0.55 | window=3 | n_series=4096
2026-04-19 07:25:22 | INFO | tfim_1d_nqs | Finished J=-1.650 | E/N(NQS)=-1.819654 | E/N(exact)=-1.819732 | err=0.004% | m2=4.4424 | n2=0.0286 | tau_int=0.55
2026-04-19 07:25:22 | INFO | tfim_1d_nqs | Training point 5/38 | N=4 | J=-1.500 | h=1.000
2026-04-19 07:25:30 | INFO | tfim_1d_nqs |   autocorr: tau_int=0.89 | window=5 | n_series=4096
2026-04-19 07:25:30 | INFO | tfim_1d_nqs | Finished J=-1.500 | E/N(NQS)=-1.689993 | E/N(exact)=-1.690002 | err=0.001% | m2=4.4487 | n2=0.0377 | tau_int=0.89
2026-04-19 07:25:30 | INFO | tfim_1d_nqs | Training point 6/38 | N=4 | J=-1.400 | h=1.000
2026-04-19 07:25:37 | INFO | tfim_1d_nqs |   autocorr: tau_int=0.58 | window=3 | n_series=4096
2026-04-19 07:25:37 | INFO | tfim_1d_nqs | Finished J=-1.400 | E/N(NQS)=-1.606387 | E/N(exact)=-1.606294 | err=0.006% | m2=5.0674 | n2=0.0364 | tau_int=0.58
2026-04-19 07:25:37 | INFO | tfim_1d_nqs | Training point 7/38 | N=4 | J=-1.300 | h=1.000
2026-04-19 07:25:45 | INFO | tfim_1d_nqs |   autocorr: tau_int=2.15 | window=11 | n_series=4096
2026-04-19 07:25:45 | INFO | tfim_1d_nqs | Finished J=-1.300 | E/N(NQS)=-1.525313 | E/N(exact)=-1.525401 | err=0.006% | m2=3.9810 | n2=0.0424 | tau_int=2.15
2026-04-19 07:25:45 | INFO | tfim_1d_nqs | Training point 8/38 | N=4 | J=-1.200 | h=1.000
2026-04-19 07:25:52 | INFO | tfim_1d_nqs |   autocorr: tau_int=0.68 | window=4 | n_series=4096
2026-04-19 07:25:52 | INFO | tfim_1d_nqs | Finished J=-1.200 | E/N(NQS)=-1.447953 | E/N(exact)=-1.447959 | err=0.000% | m2=4.1348 | n2=0.0493 | tau_int=0.68
2026-04-19 07:25:52 | INFO | tfim_1d_nqs | Training point 9/38 | N=4 | J=-1.100 | h=1.000
2026-04-19 07:26:00 | INFO | tfim_1d_nqs |   autocorr: tau_int=0.48 | window=3 | n_series=4096
2026-04-19 07:26:00 | INFO | tfim_1d_nqs | Finished J=-1.100 | E/N(NQS)=-1.374717 | E/N(exact)=-1.374726 | err=0.001% | m2=3.9492 | n2=0.0693 | tau_int=0.48
2026-04-19 07:26:00 | INFO | tfim_1d_nqs | Training point 10/38 | N=4 | J=-1.000 | h=1.000
2026-04-19 07:26:07 | INFO | tfim_1d_nqs |   autocorr: tau_int=0.53 | window=3 | n_series=4096
2026-04-19 07:26:07 | INFO | tfim_1d_nqs | Finished J=-1.000 | E/N(NQS)=-1.306541 | E/N(exact)=-1.306563 | err=0.002% | m2=3.9585 | n2=0.0768 | tau_int=0.53
2026-04-19 07:26:07 | INFO | tfim_1d_nqs | Training point 11/38 | N=4 | J=-0.900 | h=1.000
2026-04-19 07:26:15 | INFO | tfim_1d_nqs |   autocorr: tau_int=0.56 | window=3 | n_series=4096
2026-04-19 07:26:15 | INFO | tfim_1d_nqs | Finished J=-0.900 | E/N(NQS)=-1.244305 | E/N(exact)=-1.244366 | err=0.005% | m2=3.7163 | n2=0.0851 | tau_int=0.56
2026-04-19 07:26:15 | INFO | tfim_1d_nqs | Training point 12/38 | N=4 | J=-0.800 | h=1.000
2026-04-19 07:26:23 | INFO | tfim_1d_nqs |   autocorr: tau_int=0.58 | window=3 | n_series=4096
2026-04-19 07:26:23 | INFO | tfim_1d_nqs | Finished J=-0.800 | E/N(NQS)=-1.188958 | E/N(exact)=-1.188963 | err=0.000% | m2=3.4165 | n2=0.1093 | tau_int=0.58
2026-04-19 07:26:23 | INFO | tfim_1d_nqs | Training point 13/38 | N=4 | J=-0.750 | h=1.000
2026-04-19 07:26:30 | INFO | tfim_1d_nqs |   autocorr: tau_int=0.59 | window=3 | n_series=4096
2026-04-19 07:26:30 | INFO | tfim_1d_nqs | Finished J=-0.750 | E/N(NQS)=-1.164055 | E/N(exact)=-1.164012 | err=0.004% | m2=3.4883 | n2=0.1074 | tau_int=0.59
2026-04-19 07:26:30 | INFO | tfim_1d_nqs | Training point 14/38 | N=4 | J=-0.700 | h=1.000
2026-04-19 07:26:38 | INFO | tfim_1d_nqs |   autocorr: tau_int=0.62 | window=4 | n_series=4096
2026-04-19 07:26:38 | INFO | tfim_1d_nqs | Finished J=-0.700 | E/N(NQS)=-1.140967 | E/N(exact)=-1.140964 | err=0.000% | m2=3.3716 | n2=0.1146 | tau_int=0.62
2026-04-19 07:26:38 | INFO | tfim_1d_nqs | Training point 15/38 | N=4 | J=-0.600 | h=1.000
2026-04-19 07:26:45 | INFO | tfim_1d_nqs |   autocorr: tau_int=0.57 | window=3 | n_series=4096
2026-04-19 07:26:45 | INFO | tfim_1d_nqs | Finished J=-0.600 | E/N(NQS)=-1.100645 | E/N(exact)=-1.100642 | err=0.000% | m2=2.7563 | n2=0.1395 | tau_int=0.57
2026-04-19 07:26:45 | INFO | tfim_1d_nqs | Training point 16/38 | N=4 | J=-0.500 | h=1.000
2026-04-19 07:26:53 | INFO | tfim_1d_nqs |   autocorr: tau_int=0.73 | window=4 | n_series=4096
2026-04-19 07:26:53 | INFO | tfim_1d_nqs | Finished J=-0.500 | E/N(NQS)=-1.067861 | E/N(exact)=-1.067890 | err=0.003% | m2=2.8291 | n2=0.1482 | tau_int=0.73
2026-04-19 07:26:53 | INFO | tfim_1d_nqs | Training point 17/38 | N=4 | J=-0.300 | h=1.000
2026-04-19 07:27:00 | INFO | tfim_1d_nqs |   autocorr: tau_int=0.73 | window=4 | n_series=4096
2026-04-19 07:27:00 | INFO | tfim_1d_nqs | Finished J=-0.300 | E/N(NQS)=-1.023237 | E/N(exact)=-1.023240 | err=0.000% | m2=2.4600 | n2=0.1873 | tau_int=0.73
2026-04-19 07:27:00 | INFO | tfim_1d_nqs | Training point 18/38 | N=4 | J=-0.100 | h=1.000
2026-04-19 07:27:07 | INFO | tfim_1d_nqs |   autocorr: tau_int=2.59 | window=14 | n_series=4096
2026-04-19 07:27:07 | INFO | tfim_1d_nqs | Finished J=-0.100 | E/N(NQS)=-1.002506 | E/N(exact)=-1.002509 | err=0.000% | m2=2.1597 | n2=0.2301 | tau_int=2.59
2026-04-19 07:27:07 | INFO | tfim_1d_nqs | Training point 19/38 | N=4 | J=0.000 | h=1.000
2026-04-19 07:27:14 | INFO | tfim_1d_nqs |   autocorr: tau_int=0.51 | window=3 | n_series=4096
2026-04-19 07:27:14 | INFO | tfim_1d_nqs | Finished J=0.000 | E/N(NQS)=-1.000001 | E/N(exact)=-1.000000 | err=0.000% | m2=2.0371 | n2=0.2383 | tau_int=0.51
2026-04-19 07:27:14 | INFO | tfim_1d_nqs | Training point 20/38 | N=4 | J=0.100 | h=1.000
2026-04-19 07:27:22 | INFO | tfim_1d_nqs |   autocorr: tau_int=2.76 | window=14 | n_series=4096
2026-04-19 07:27:22 | INFO | tfim_1d_nqs | Finished J=0.100 | E/N(NQS)=-1.002549 | E/N(exact)=-1.002509 | err=0.004% | m2=1.8843 | n2=0.2731 | tau_int=2.76
2026-04-19 07:27:22 | INFO | tfim_1d_nqs | Training point 21/38 | N=4 | J=0.300 | h=1.000
2026-04-19 07:27:29 | INFO | tfim_1d_nqs |   autocorr: tau_int=1.07 | window=6 | n_series=4096
2026-04-19 07:27:29 | INFO | tfim_1d_nqs | Finished J=0.300 | E/N(NQS)=-1.023251 | E/N(exact)=-1.023240 | err=0.001% | m2=1.7158 | n2=0.3362 | tau_int=1.07
2026-04-19 07:27:29 | INFO | tfim_1d_nqs | Training point 22/38 | N=4 | J=0.500 | h=1.000
2026-04-19 07:27:36 | INFO | tfim_1d_nqs |   autocorr: tau_int=0.77 | window=4 | n_series=4096
2026-04-19 07:27:36 | INFO | tfim_1d_nqs | Finished J=0.500 | E/N(NQS)=-1.067941 | E/N(exact)=-1.067890 | err=0.005% | m2=1.5479 | n2=0.4358 | tau_int=0.77
2026-04-19 07:27:36 | INFO | tfim_1d_nqs | Training point 23/38 | N=4 | J=0.600 | h=1.000
2026-04-19 07:27:43 | INFO | tfim_1d_nqs |   autocorr: tau_int=0.62 | window=4 | n_series=4096
2026-04-19 07:27:43 | INFO | tfim_1d_nqs | Finished J=0.600 | E/N(NQS)=-1.100664 | E/N(exact)=-1.100642 | err=0.002% | m2=1.5234 | n2=0.4878 | tau_int=0.62
2026-04-19 07:27:43 | INFO | tfim_1d_nqs | Training point 24/38 | N=4 | J=0.700 | h=1.000
2026-04-19 07:27:50 | INFO | tfim_1d_nqs |   autocorr: tau_int=0.91 | window=5 | n_series=4096
2026-04-19 07:27:50 | INFO | tfim_1d_nqs | Finished J=0.700 | E/N(NQS)=-1.140986 | E/N(exact)=-1.140964 | err=0.002% | m2=1.4473 | n2=0.5659 | tau_int=0.91
2026-04-19 07:27:50 | INFO | tfim_1d_nqs | Training point 25/38 | N=4 | J=0.750 | h=1.000
2026-04-19 07:27:58 | INFO | tfim_1d_nqs |   autocorr: tau_int=0.65 | window=4 | n_series=4096
2026-04-19 07:27:58 | INFO | tfim_1d_nqs | Finished J=0.750 | E/N(NQS)=-1.164028 | E/N(exact)=-1.164012 | err=0.001% | m2=1.4746 | n2=0.5996 | tau_int=0.65
2026-04-19 07:27:58 | INFO | tfim_1d_nqs | Training point 26/38 | N=4 | J=0.800 | h=1.000
2026-04-19 07:28:05 | INFO | tfim_1d_nqs |   autocorr: tau_int=0.65 | window=4 | n_series=4096
2026-04-19 07:28:05 | INFO | tfim_1d_nqs | Finished J=0.800 | E/N(NQS)=-1.188940 | E/N(exact)=-1.188963 | err=0.002% | m2=1.4023 | n2=0.6089 | tau_int=0.65
2026-04-19 07:28:05 | INFO | tfim_1d_nqs | Training point 27/38 | N=4 | J=0.900 | h=1.000
2026-04-19 07:28:13 | INFO | tfim_1d_nqs |   autocorr: tau_int=0.60 | window=3 | n_series=4096
2026-04-19 07:28:13 | INFO | tfim_1d_nqs | Finished J=0.900 | E/N(NQS)=-1.244372 | E/N(exact)=-1.244366 | err=0.000% | m2=1.3784 | n2=0.6647 | tau_int=0.60
2026-04-19 07:28:13 | INFO | tfim_1d_nqs | Training point 28/38 | N=4 | J=1.000 | h=1.000
2026-04-19 07:28:20 | INFO | tfim_1d_nqs |   autocorr: tau_int=0.47 | window=3 | n_series=4096
2026-04-19 07:28:20 | INFO | tfim_1d_nqs | Finished J=1.000 | E/N(NQS)=-1.306444 | E/N(exact)=-1.306563 | err=0.009% | m2=1.3013 | n2=0.7426 | tau_int=0.47
2026-04-19 07:28:20 | INFO | tfim_1d_nqs | Training point 29/38 | N=4 | J=1.100 | h=1.000
2026-04-19 07:28:29 | INFO | tfim_1d_nqs |   autocorr: tau_int=0.60 | window=3 | n_series=4096
2026-04-19 07:28:29 | INFO | tfim_1d_nqs | Finished J=1.100 | E/N(NQS)=-1.374753 | E/N(exact)=-1.374726 | err=0.002% | m2=1.2773 | n2=0.7705 | tau_int=0.60
2026-04-19 07:28:29 | INFO | tfim_1d_nqs | Training point 30/38 | N=4 | J=1.200 | h=1.000
2026-04-19 07:28:36 | INFO | tfim_1d_nqs |   autocorr: tau_int=3.93 | window=20 | n_series=4096
2026-04-19 07:28:36 | INFO | tfim_1d_nqs | Finished J=1.200 | E/N(NQS)=-1.448053 | E/N(exact)=-1.447959 | err=0.007% | m2=1.2437 | n2=0.8136 | tau_int=3.93
2026-04-19 07:28:36 | INFO | tfim_1d_nqs | Training point 31/38 | N=4 | J=1.200 | h=1.000
2026-04-19 07:28:43 | INFO | tfim_1d_nqs |   autocorr: tau_int=0.48 | window=3 | n_series=4096
2026-04-19 07:28:43 | INFO | tfim_1d_nqs | Finished J=1.200 | E/N(NQS)=-1.448008 | E/N(exact)=-1.447959 | err=0.003% | m2=1.1934 | n2=0.8154 | tau_int=0.48
2026-04-19 07:28:43 | INFO | tfim_1d_nqs | Training point 32/38 | N=4 | J=1.300 | h=1.000
2026-04-19 07:28:51 | INFO | tfim_1d_nqs |   autocorr: tau_int=0.55 | window=3 | n_series=4096
2026-04-19 07:28:51 | INFO | tfim_1d_nqs | Finished J=1.300 | E/N(NQS)=-1.525396 | E/N(exact)=-1.525401 | err=0.000% | m2=1.2266 | n2=0.8208 | tau_int=0.55
2026-04-19 07:28:51 | INFO | tfim_1d_nqs | Training point 33/38 | N=4 | J=1.400 | h=1.000
2026-04-19 07:28:58 | INFO | tfim_1d_nqs |   autocorr: tau_int=0.59 | window=3 | n_series=4096
2026-04-19 07:28:58 | INFO | tfim_1d_nqs | Finished J=1.400 | E/N(NQS)=-1.606330 | E/N(exact)=-1.606294 | err=0.002% | m2=1.1670 | n2=0.8552 | tau_int=0.59
2026-04-19 07:28:58 | INFO | tfim_1d_nqs | Training point 34/38 | N=4 | J=1.500 | h=1.000
2026-04-19 07:29:06 | INFO | tfim_1d_nqs |   autocorr: tau_int=0.53 | window=3 | n_series=4096
2026-04-19 07:29:06 | INFO | tfim_1d_nqs | Finished J=1.500 | E/N(NQS)=-1.690036 | E/N(exact)=-1.690002 | err=0.002% | m2=1.0972 | n2=0.8785 | tau_int=0.53
2026-04-19 07:29:06 | INFO | tfim_1d_nqs | Training point 35/38 | N=4 | J=1.650 | h=1.000
2026-04-19 07:29:13 | INFO | tfim_1d_nqs |   autocorr: tau_int=0.52 | window=3 | n_series=4096
2026-04-19 07:29:13 | INFO | tfim_1d_nqs | Finished J=1.650 | E/N(NQS)=-1.819772 | E/N(exact)=-1.819732 | err=0.002% | m2=1.0840 | n2=0.9238 | tau_int=0.52
2026-04-19 07:29:13 | INFO | tfim_1d_nqs | Training point 36/38 | N=4 | J=2.100 | h=1.000
2026-04-19 07:29:21 | INFO | tfim_1d_nqs |   autocorr: tau_int=0.61 | window=4 | n_series=4096
2026-04-19 07:29:21 | INFO | tfim_1d_nqs | Finished J=2.100 | E/N(NQS)=-2.228352 | E/N(exact)=-2.228448 | err=0.004% | m2=1.0410 | n2=0.9492 | tau_int=0.61
2026-04-19 07:29:21 | INFO | tfim_1d_nqs | Training point 37/38 | N=4 | J=2.550 | h=1.000
2026-04-19 07:29:28 | INFO | tfim_1d_nqs |   autocorr: tau_int=0.52 | window=3 | n_series=4096
2026-04-19 07:29:28 | INFO | tfim_1d_nqs | Finished J=2.550 | E/N(NQS)=-2.653548 | E/N(exact)=-2.653436 | err=0.004% | m2=1.0312 | n2=0.9697 | tau_int=0.52
2026-04-19 07:29:28 | INFO | tfim_1d_nqs | Training point 38/38 | N=4 | J=3.000 | h=1.000
2026-04-19 07:29:36 | INFO | tfim_1d_nqs |   autocorr: tau_int=0.43 | window=3 | n_series=4096
2026-04-19 07:29:36 | INFO | tfim_1d_nqs | Finished J=3.000 | E/N(NQS)=-3.087127 | E/N(exact)=-3.086696 | err=0.014% | m2=1.0308 | n2=0.9742 | tau_int=0.43
2026-04-19 07:29:36 | INFO | tfim_1d_nqs | --- Starting scan for N=8 ---
2026-04-19 07:29:36 | INFO | tfim_1d_nqs | NQS 1D Transverse Field Ising Model
2026-04-19 07:29:36 | INFO | tfim_1d_nqs | System: N=8, h=1.000
2026-04-19 07:29:36 | INFO | tfim_1d_nqs | Scan: 38 J values from -3.000 to 3.000
2026-04-19 07:29:36 | INFO | tfim_1d_nqs | Training: n_iter=175 alpha=4 n_samples=2048 lr=0.01000
2026-04-19 07:29:36 | INFO | tfim_1d_nqs | Training point 1/38 | N=8 | J=-3.000 | h=1.000
2026-04-19 07:29:59 | INFO | tfim_1d_nqs |   autocorr: tau_int=0.51 | window=3 | n_series=4096
2026-04-19 07:29:59 | INFO | tfim_1d_nqs | Finished J=-3.000 | E/N(NQS)=-3.083618 | E/N(exact)=-3.083940 | err=0.010% | m2=3.9298 | n2=0.0027 | tau_int=0.51
2026-04-19 07:29:59 | INFO | tfim_1d_nqs | Training point 2/38 | N=8 | J=-2.550 | h=1.000
2026-04-19 07:30:14 | INFO | tfim_1d_nqs |   autocorr: tau_int=0.45 | window=3 | n_series=4096
2026-04-19 07:30:14 | INFO | tfim_1d_nqs | Finished J=-2.550 | E/N(NQS)=-2.649305 | E/N(exact)=-2.649055 | err=0.009% | m2=3.8940 | n2=0.0039 | tau_int=0.45
2026-04-19 07:30:14 | INFO | tfim_1d_nqs | Training point 3/38 | N=8 | J=-2.100 | h=1.000
2026-04-19 07:30:29 | INFO | tfim_1d_nqs |   autocorr: tau_int=0.47 | window=3 | n_series=4096
2026-04-19 07:30:29 | INFO | tfim_1d_nqs | Finished J=-2.100 | E/N(NQS)=-2.221131 | E/N(exact)=-2.220971 | err=0.007% | m2=3.9098 | n2=0.0066 | tau_int=0.47
2026-04-19 07:30:29 | INFO | tfim_1d_nqs | Training point 4/38 | N=8 | J=-1.650 | h=1.000
2026-04-19 07:30:43 | INFO | tfim_1d_nqs |   autocorr: tau_int=0.51 | window=3 | n_series=4096
2026-04-19 07:30:43 | INFO | tfim_1d_nqs | Finished J=-1.650 | E/N(NQS)=-1.805509 | E/N(exact)=-1.806020 | err=0.028% | m2=3.5443 | n2=0.0138 | tau_int=0.51
2026-04-19 07:30:43 | INFO | tfim_1d_nqs | Training point 5/38 | N=8 | J=-1.500 | h=1.000
2026-04-19 07:30:57 | INFO | tfim_1d_nqs |   autocorr: tau_int=0.55 | window=3 | n_series=4096
2026-04-19 07:30:57 | INFO | tfim_1d_nqs | Finished J=-1.500 | E/N(NQS)=-1.672968 | E/N(exact)=-1.673126 | err=0.009% | m2=3.9558 | n2=0.0139 | tau_int=0.55
2026-04-19 07:30:57 | INFO | tfim_1d_nqs | Training point 6/38 | N=8 | J=-1.400 | h=1.000
2026-04-19 07:31:12 | INFO | tfim_1d_nqs |   autocorr: tau_int=0.49 | window=3 | n_series=4096
2026-04-19 07:31:12 | INFO | tfim_1d_nqs | Finished J=-1.400 | E/N(NQS)=-1.587098 | E/N(exact)=-1.587028 | err=0.004% | m2=4.3427 | n2=0.0179 | tau_int=0.49
2026-04-19 07:31:12 | INFO | tfim_1d_nqs | Training point 7/38 | N=8 | J=-1.300 | h=1.000
2026-04-19 07:31:27 | INFO | tfim_1d_nqs |   autocorr: tau_int=0.52 | window=3 | n_series=4096
2026-04-19 07:31:27 | INFO | tfim_1d_nqs | Finished J=-1.300 | E/N(NQS)=-1.503515 | E/N(exact)=-1.503675 | err=0.011% | m2=3.7996 | n2=0.0189 | tau_int=0.52
2026-04-19 07:31:27 | INFO | tfim_1d_nqs | Training point 8/38 | N=8 | J=-1.200 | h=1.000
2026-04-19 07:31:41 | INFO | tfim_1d_nqs |   autocorr: tau_int=0.46 | window=3 | n_series=4096
2026-04-19 07:31:41 | INFO | tfim_1d_nqs | Finished J=-1.200 | E/N(NQS)=-1.424208 | E/N(exact)=-1.424025 | err=0.013% | m2=4.6039 | n2=0.0208 | tau_int=0.46
2026-04-19 07:31:41 | INFO | tfim_1d_nqs | Training point 9/38 | N=8 | J=-1.100 | h=1.000
2026-04-19 07:31:56 | INFO | tfim_1d_nqs |   autocorr: tau_int=0.56 | window=3 | n_series=4096
2026-04-19 07:31:56 | INFO | tfim_1d_nqs | Finished J=-1.100 | E/N(NQS)=-1.349495 | E/N(exact)=-1.349408 | err=0.006% | m2=3.5858 | n2=0.0294 | tau_int=0.56
2026-04-19 07:31:56 | INFO | tfim_1d_nqs | Training point 10/38 | N=8 | J=-1.000 | h=1.000
2026-04-19 07:32:12 | INFO | tfim_1d_nqs |   autocorr: tau_int=0.50 | window=3 | n_series=4096
2026-04-19 07:32:12 | INFO | tfim_1d_nqs | Finished J=-1.000 | E/N(NQS)=-1.281098 | E/N(exact)=-1.281458 | err=0.028% | m2=3.1139 | n2=0.0385 | tau_int=0.50
2026-04-19 07:32:12 | INFO | tfim_1d_nqs | Training point 11/38 | N=8 | J=-0.900 | h=1.000
2026-04-19 07:32:28 | INFO | tfim_1d_nqs |   autocorr: tau_int=0.55 | window=3 | n_series=4096
2026-04-19 07:32:28 | INFO | tfim_1d_nqs | Finished J=-0.900 | E/N(NQS)=-1.221603 | E/N(exact)=-1.221661 | err=0.005% | m2=3.1257 | n2=0.0457 | tau_int=0.55
2026-04-19 07:32:28 | INFO | tfim_1d_nqs | Training point 12/38 | N=8 | J=-0.800 | h=1.000
2026-04-19 07:32:43 | INFO | tfim_1d_nqs |   autocorr: tau_int=0.52 | window=3 | n_series=4096
2026-04-19 07:32:43 | INFO | tfim_1d_nqs | Finished J=-0.800 | E/N(NQS)=-1.170502 | E/N(exact)=-1.170651 | err=0.013% | m2=2.2910 | n2=0.0527 | tau_int=0.52
2026-04-19 07:32:43 | INFO | tfim_1d_nqs | Training point 13/38 | N=8 | J=-0.750 | h=1.000
2026-04-19 07:32:58 | INFO | tfim_1d_nqs |   autocorr: tau_int=0.51 | window=3 | n_series=4096
2026-04-19 07:32:58 | INFO | tfim_1d_nqs | Finished J=-0.750 | E/N(NQS)=-1.148458 | E/N(exact)=-1.148327 | err=0.011% | m2=2.6423 | n2=0.0600 | tau_int=0.51
2026-04-19 07:32:58 | INFO | tfim_1d_nqs | Training point 14/38 | N=8 | J=-0.700 | h=1.000
2026-04-19 07:33:13 | INFO | tfim_1d_nqs |   autocorr: tau_int=0.56 | window=3 | n_series=4096
2026-04-19 07:33:13 | INFO | tfim_1d_nqs | Finished J=-0.700 | E/N(NQS)=-1.127881 | E/N(exact)=-1.127967 | err=0.008% | m2=2.2798 | n2=0.0613 | tau_int=0.56
2026-04-19 07:33:13 | INFO | tfim_1d_nqs | Training point 15/38 | N=8 | J=-0.600 | h=1.000
2026-04-19 07:33:27 | INFO | tfim_1d_nqs |   autocorr: tau_int=0.52 | window=3 | n_series=4096
2026-04-19 07:33:27 | INFO | tfim_1d_nqs | Finished J=-0.600 | E/N(NQS)=-1.092621 | E/N(exact)=-1.092604 | err=0.002% | m2=2.2296 | n2=0.0692 | tau_int=0.52
2026-04-19 07:33:27 | INFO | tfim_1d_nqs | Training point 16/38 | N=8 | J=-0.500 | h=1.000
2026-04-19 07:33:42 | INFO | tfim_1d_nqs |   autocorr: tau_int=0.51 | window=3 | n_series=4096
2026-04-19 07:33:42 | INFO | tfim_1d_nqs | Finished J=-0.500 | E/N(NQS)=-1.063583 | E/N(exact)=-1.063635 | err=0.005% | m2=2.0024 | n2=0.0754 | tau_int=0.51
2026-04-19 07:33:42 | INFO | tfim_1d_nqs | Training point 17/38 | N=8 | J=-0.300 | h=1.000
2026-04-19 07:33:56 | INFO | tfim_1d_nqs |   autocorr: tau_int=0.50 | window=3 | n_series=4096
2026-04-19 07:33:56 | INFO | tfim_1d_nqs | Finished J=-0.300 | E/N(NQS)=-1.022642 | E/N(exact)=-1.022631 | err=0.001% | m2=1.6107 | n2=0.0943 | tau_int=0.50
2026-04-19 07:33:56 | INFO | tfim_1d_nqs | Training point 18/38 | N=8 | J=-0.100 | h=1.000
2026-04-19 07:34:11 | INFO | tfim_1d_nqs |   autocorr: tau_int=0.48 | window=3 | n_series=4096
2026-04-19 07:34:11 | INFO | tfim_1d_nqs | Finished J=-0.100 | E/N(NQS)=-1.002496 | E/N(exact)=-1.002502 | err=0.001% | m2=1.5435 | n2=0.1162 | tau_int=0.48
2026-04-19 07:34:11 | INFO | tfim_1d_nqs | Training point 19/38 | N=8 | J=0.000 | h=1.000
2026-04-19 07:34:25 | INFO | tfim_1d_nqs |   autocorr: tau_int=0.52 | window=3 | n_series=4096
2026-04-19 07:34:25 | INFO | tfim_1d_nqs | Finished J=0.000 | E/N(NQS)=-1.000000 | E/N(exact)=-1.000000 | err=0.000% | m2=1.4819 | n2=0.1213 | tau_int=0.52
2026-04-19 07:34:25 | INFO | tfim_1d_nqs | Training point 20/38 | N=8 | J=0.100 | h=1.000
2026-04-19 07:34:39 | INFO | tfim_1d_nqs |   autocorr: tau_int=0.51 | window=3 | n_series=4096
2026-04-19 07:34:39 | INFO | tfim_1d_nqs | Finished J=0.100 | E/N(NQS)=-1.002513 | E/N(exact)=-1.002502 | err=0.001% | m2=1.4500 | n2=0.1373 | tau_int=0.51
2026-04-19 07:34:39 | INFO | tfim_1d_nqs | Training point 21/38 | N=8 | J=0.300 | h=1.000
2026-04-19 07:34:54 | INFO | tfim_1d_nqs |   autocorr: tau_int=0.49 | window=3 | n_series=4096
2026-04-19 07:34:54 | INFO | tfim_1d_nqs | Finished J=0.300 | E/N(NQS)=-1.022654 | E/N(exact)=-1.022631 | err=0.002% | m2=1.3231 | n2=0.1776 | tau_int=0.49
2026-04-19 07:34:54 | INFO | tfim_1d_nqs | Training point 22/38 | N=8 | J=0.500 | h=1.000
2026-04-19 07:35:08 | INFO | tfim_1d_nqs |   autocorr: tau_int=0.45 | window=3 | n_series=4096
2026-04-19 07:35:08 | INFO | tfim_1d_nqs | Finished J=0.500 | E/N(NQS)=-1.063617 | E/N(exact)=-1.063635 | err=0.002% | m2=1.3109 | n2=0.2337 | tau_int=0.45
2026-04-19 07:35:08 | INFO | tfim_1d_nqs | Training point 23/38 | N=8 | J=0.600 | h=1.000
2026-04-19 07:35:23 | INFO | tfim_1d_nqs |   autocorr: tau_int=0.52 | window=3 | n_series=4096
2026-04-19 07:35:23 | INFO | tfim_1d_nqs | Finished J=0.600 | E/N(NQS)=-1.092533 | E/N(exact)=-1.092604 | err=0.006% | m2=1.2847 | n2=0.2863 | tau_int=0.52
2026-04-19 07:35:23 | INFO | tfim_1d_nqs | Training point 24/38 | N=8 | J=0.700 | h=1.000
2026-04-19 07:35:38 | INFO | tfim_1d_nqs |   autocorr: tau_int=0.56 | window=3 | n_series=4096
2026-04-19 07:35:38 | INFO | tfim_1d_nqs | Finished J=0.700 | E/N(NQS)=-1.127899 | E/N(exact)=-1.127967 | err=0.006% | m2=1.2273 | n2=0.3439 | tau_int=0.56
2026-04-19 07:35:38 | INFO | tfim_1d_nqs | Training point 25/38 | N=8 | J=0.750 | h=1.000
2026-04-19 07:35:52 | INFO | tfim_1d_nqs |   autocorr: tau_int=0.51 | window=3 | n_series=4096
2026-04-19 07:35:52 | INFO | tfim_1d_nqs | Finished J=0.750 | E/N(NQS)=-1.148399 | E/N(exact)=-1.148327 | err=0.006% | m2=1.2175 | n2=0.4030 | tau_int=0.51
2026-04-19 07:35:52 | INFO | tfim_1d_nqs | Training point 26/38 | N=8 | J=0.800 | h=1.000
2026-04-19 07:36:08 | INFO | tfim_1d_nqs |   autocorr: tau_int=0.53 | window=3 | n_series=4096
2026-04-19 07:36:08 | INFO | tfim_1d_nqs | Finished J=0.800 | E/N(NQS)=-1.170621 | E/N(exact)=-1.170651 | err=0.003% | m2=1.2190 | n2=0.4140 | tau_int=0.53
2026-04-19 07:36:08 | INFO | tfim_1d_nqs | Training point 27/38 | N=8 | J=0.900 | h=1.000
2026-04-19 07:36:24 | INFO | tfim_1d_nqs |   autocorr: tau_int=0.52 | window=3 | n_series=4096
2026-04-19 07:36:24 | INFO | tfim_1d_nqs | Finished J=0.900 | E/N(NQS)=-1.221898 | E/N(exact)=-1.221661 | err=0.019% | m2=1.2029 | n2=0.4835 | tau_int=0.52
2026-04-19 07:36:24 | INFO | tfim_1d_nqs | Training point 28/38 | N=8 | J=1.000 | h=1.000
2026-04-19 07:36:41 | INFO | tfim_1d_nqs |   autocorr: tau_int=0.49 | window=3 | n_series=4096
2026-04-19 07:36:41 | INFO | tfim_1d_nqs | Finished J=1.000 | E/N(NQS)=-1.281219 | E/N(exact)=-1.281458 | err=0.019% | m2=1.1744 | n2=0.6162 | tau_int=0.49
2026-04-19 07:36:41 | INFO | tfim_1d_nqs | Training point 29/38 | N=8 | J=1.100 | h=1.000
2026-04-19 07:36:56 | INFO | tfim_1d_nqs |   autocorr: tau_int=0.54 | window=3 | n_series=4096
2026-04-19 07:36:56 | INFO | tfim_1d_nqs | Finished J=1.100 | E/N(NQS)=-1.349561 | E/N(exact)=-1.349408 | err=0.011% | m2=1.1262 | n2=0.6959 | tau_int=0.54
2026-04-19 07:36:56 | INFO | tfim_1d_nqs | Training point 30/38 | N=8 | J=1.200 | h=1.000
2026-04-19 07:37:11 | INFO | tfim_1d_nqs |   autocorr: tau_int=0.50 | window=3 | n_series=4096
2026-04-19 07:37:11 | INFO | tfim_1d_nqs | Finished J=1.200 | E/N(NQS)=-1.423663 | E/N(exact)=-1.424025 | err=0.025% | m2=1.0905 | n2=0.7928 | tau_int=0.50
2026-04-19 07:37:11 | INFO | tfim_1d_nqs | Training point 31/38 | N=8 | J=1.200 | h=1.000
2026-04-19 07:37:25 | INFO | tfim_1d_nqs |   autocorr: tau_int=0.55 | window=3 | n_series=4096
2026-04-19 07:37:25 | INFO | tfim_1d_nqs | Finished J=1.200 | E/N(NQS)=-1.423843 | E/N(exact)=-1.424025 | err=0.013% | m2=1.1160 | n2=0.7698 | tau_int=0.55
2026-04-19 07:37:25 | INFO | tfim_1d_nqs | Training point 32/38 | N=8 | J=1.300 | h=1.000
2026-04-19 07:37:40 | INFO | tfim_1d_nqs |   autocorr: tau_int=0.67 | window=4 | n_series=4096
2026-04-19 07:37:40 | INFO | tfim_1d_nqs | Finished J=1.300 | E/N(NQS)=-1.503791 | E/N(exact)=-1.503675 | err=0.008% | m2=1.0662 | n2=0.8292 | tau_int=0.67
2026-04-19 07:37:40 | INFO | tfim_1d_nqs | Training point 33/38 | N=8 | J=1.400 | h=1.000
2026-04-19 07:37:54 | INFO | tfim_1d_nqs |   autocorr: tau_int=0.68 | window=4 | n_series=4096
2026-04-19 07:37:54 | INFO | tfim_1d_nqs | Finished J=1.400 | E/N(NQS)=-1.587234 | E/N(exact)=-1.587028 | err=0.013% | m2=1.0712 | n2=0.8687 | tau_int=0.68
2026-04-19 07:37:54 | INFO | tfim_1d_nqs | Training point 34/38 | N=8 | J=1.500 | h=1.000
2026-04-19 07:38:09 | INFO | tfim_1d_nqs |   autocorr: tau_int=0.58 | window=3 | n_series=4096
2026-04-19 07:38:09 | INFO | tfim_1d_nqs | Finished J=1.500 | E/N(NQS)=-1.672698 | E/N(exact)=-1.673126 | err=0.026% | m2=1.0394 | n2=0.8824 | tau_int=0.58
2026-04-19 07:38:09 | INFO | tfim_1d_nqs | Training point 35/38 | N=8 | J=1.650 | h=1.000
2026-04-19 07:38:25 | INFO | tfim_1d_nqs |   autocorr: tau_int=0.55 | window=3 | n_series=4096
2026-04-19 07:38:25 | INFO | tfim_1d_nqs | Finished J=1.650 | E/N(NQS)=-1.805598 | E/N(exact)=-1.806020 | err=0.023% | m2=1.0562 | n2=0.8962 | tau_int=0.55
2026-04-19 07:38:25 | INFO | tfim_1d_nqs | Training point 36/38 | N=8 | J=2.100 | h=1.000
2026-04-19 07:38:39 | INFO | tfim_1d_nqs |   autocorr: tau_int=0.52 | window=3 | n_series=4096
2026-04-19 07:38:39 | INFO | tfim_1d_nqs | Finished J=2.100 | E/N(NQS)=-2.220837 | E/N(exact)=-2.220971 | err=0.006% | m2=1.0262 | n2=0.9565 | tau_int=0.52
2026-04-19 07:38:39 | INFO | tfim_1d_nqs | Training point 37/38 | N=8 | J=2.550 | h=1.000
2026-04-19 07:38:54 | INFO | tfim_1d_nqs |   autocorr: tau_int=0.43 | window=3 | n_series=4096
2026-04-19 07:38:54 | INFO | tfim_1d_nqs | Finished J=2.550 | E/N(NQS)=-2.649085 | E/N(exact)=-2.649055 | err=0.001% | m2=1.0265 | n2=0.9623 | tau_int=0.43
2026-04-19 07:38:54 | INFO | tfim_1d_nqs | Training point 38/38 | N=8 | J=3.000 | h=1.000
2026-04-19 07:39:08 | INFO | tfim_1d_nqs |   autocorr: tau_int=0.58 | window=3 | n_series=4096
2026-04-19 07:39:08 | INFO | tfim_1d_nqs | Finished J=3.000 | E/N(NQS)=-3.083485 | E/N(exact)=-3.083940 | err=0.015% | m2=1.0024 | n2=0.9766 | tau_int=0.58
2026-04-19 07:39:08 | INFO | tfim_1d_nqs | --- Starting scan for N=16 ---
2026-04-19 07:39:08 | INFO | tfim_1d_nqs | NQS 1D Transverse Field Ising Model
2026-04-19 07:39:08 | INFO | tfim_1d_nqs | System: N=16, h=1.000
2026-04-19 07:39:08 | INFO | tfim_1d_nqs | Scan: 38 J values from -3.000 to 3.000
2026-04-19 07:39:08 | INFO | tfim_1d_nqs | Training: n_iter=175 alpha=4 n_samples=2048 lr=0.01000
2026-04-19 07:39:08 | INFO | tfim_1d_nqs | Training point 1/38 | N=16 | J=-3.000 | h=1.000
2026-04-19 07:39:41 | INFO | tfim_1d_nqs |   autocorr: tau_int=0.62 | window=4 | n_series=4096
2026-04-19 07:39:41 | INFO | tfim_1d_nqs | Finished J=-3.000 | E/N(NQS)=-3.083916 | E/N(exact)=-3.083929 | err=0.000% | m2=4.3724 | n2=0.0021 | tau_int=0.62
2026-04-19 07:39:41 | INFO | tfim_1d_nqs | Training point 2/38 | N=16 | J=-2.550 | h=1.000
2026-04-19 07:40:05 | INFO | tfim_1d_nqs |   autocorr: tau_int=0.64 | window=4 | n_series=4096
2026-04-19 07:40:05 | INFO | tfim_1d_nqs | Finished J=-2.550 | E/N(NQS)=-2.649055 | E/N(exact)=-2.649020 | err=0.001% | m2=5.8534 | n2=0.0021 | tau_int=0.64
2026-04-19 07:40:05 | INFO | tfim_1d_nqs | Training point 3/38 | N=16 | J=-2.100 | h=1.000
2026-04-19 07:40:30 | INFO | tfim_1d_nqs |   autocorr: tau_int=0.75 | window=4 | n_series=4096
2026-04-19 07:40:30 | INFO | tfim_1d_nqs | Finished J=-2.100 | E/N(NQS)=-2.220954 | E/N(exact)=-2.220840 | err=0.005% | m2=6.2473 | n2=0.0035 | tau_int=0.75
2026-04-19 07:40:30 | INFO | tfim_1d_nqs | Training point 4/38 | N=16 | J=-1.650 | h=1.000
2026-04-19 07:40:54 | INFO | tfim_1d_nqs |   autocorr: tau_int=0.91 | window=5 | n_series=4096
2026-04-19 07:40:54 | INFO | tfim_1d_nqs | Finished J=-1.650 | E/N(NQS)=-1.805187 | E/N(exact)=-1.805373 | err=0.010% | m2=5.5430 | n2=0.0056 | tau_int=0.91
2026-04-19 07:40:54 | INFO | tfim_1d_nqs | Training point 5/38 | N=16 | J=-1.500 | h=1.000
2026-04-19 07:41:19 | INFO | tfim_1d_nqs |   autocorr: tau_int=0.64 | window=4 | n_series=4096
2026-04-19 07:41:19 | INFO | tfim_1d_nqs | Finished J=-1.500 | E/N(NQS)=-1.671642 | E/N(exact)=-1.671942 | err=0.018% | m2=3.3636 | n2=0.0072 | tau_int=0.64
2026-04-19 07:41:19 | INFO | tfim_1d_nqs | Training point 6/38 | N=16 | J=-1.400 | h=1.000
2026-04-19 07:41:43 | INFO | tfim_1d_nqs |   autocorr: tau_int=0.51 | window=3 | n_series=4096
2026-04-19 07:41:43 | INFO | tfim_1d_nqs | Finished J=-1.400 | E/N(NQS)=-1.584845 | E/N(exact)=-1.585231 | err=0.024% | m2=5.2788 | n2=0.0089 | tau_int=0.51
2026-04-19 07:41:43 | INFO | tfim_1d_nqs | Training point 7/38 | N=16 | J=-1.300 | h=1.000
2026-04-19 07:42:08 | INFO | tfim_1d_nqs |   autocorr: tau_int=0.59 | window=4 | n_series=4096
2026-04-19 07:42:08 | INFO | tfim_1d_nqs | Finished J=-1.300 | E/N(NQS)=-1.501119 | E/N(exact)=-1.500942 | err=0.012% | m2=3.9880 | n2=0.0099 | tau_int=0.59
2026-04-19 07:42:08 | INFO | tfim_1d_nqs | Training point 8/38 | N=16 | J=-1.200 | h=1.000
2026-04-19 07:42:32 | INFO | tfim_1d_nqs |   autocorr: tau_int=0.70 | window=4 | n_series=4096
2026-04-19 07:42:32 | INFO | tfim_1d_nqs | Finished J=-1.200 | E/N(NQS)=-1.419931 | E/N(exact)=-1.419967 | err=0.003% | m2=2.8999 | n2=0.0114 | tau_int=0.70
2026-04-19 07:42:32 | INFO | tfim_1d_nqs | Training point 9/38 | N=16 | J=-1.100 | h=1.000
2026-04-19 07:42:57 | INFO | tfim_1d_nqs |   autocorr: tau_int=0.59 | window=3 | n_series=4096
2026-04-19 07:42:57 | INFO | tfim_1d_nqs | Finished J=-1.100 | E/N(NQS)=-1.343683 | E/N(exact)=-1.343863 | err=0.013% | m2=3.7591 | n2=0.0150 | tau_int=0.59
2026-04-19 07:42:57 | INFO | tfim_1d_nqs | Training point 10/38 | N=16 | J=-1.000 | h=1.000
2026-04-19 07:43:22 | INFO | tfim_1d_nqs |   autocorr: tau_int=0.66 | window=4 | n_series=4096
2026-04-19 07:43:22 | INFO | tfim_1d_nqs | Finished J=-1.000 | E/N(NQS)=-1.275426 | E/N(exact)=-1.275287 | err=0.011% | m2=3.3703 | n2=0.0187 | tau_int=0.66
2026-04-19 07:43:22 | INFO | tfim_1d_nqs | Training point 11/38 | N=16 | J=-0.900 | h=1.000
2026-04-19 07:43:47 | INFO | tfim_1d_nqs |   autocorr: tau_int=0.59 | window=3 | n_series=4096
2026-04-19 07:43:47 | INFO | tfim_1d_nqs | Finished J=-0.900 | E/N(NQS)=-1.216645 | E/N(exact)=-1.216805 | err=0.013% | m2=2.2736 | n2=0.0246 | tau_int=0.59
2026-04-19 07:43:47 | INFO | tfim_1d_nqs | Training point 12/38 | N=16 | J=-0.800 | h=1.000
2026-04-19 07:44:13 | INFO | tfim_1d_nqs |   autocorr: tau_int=0.52 | window=3 | n_series=4096
2026-04-19 07:44:13 | INFO | tfim_1d_nqs | Finished J=-0.800 | E/N(NQS)=-1.167846 | E/N(exact)=-1.167972 | err=0.011% | m2=1.7793 | n2=0.0291 | tau_int=0.52
2026-04-19 07:44:13 | INFO | tfim_1d_nqs | Training point 13/38 | N=16 | J=-0.750 | h=1.000
2026-04-19 07:44:38 | INFO | tfim_1d_nqs |   autocorr: tau_int=0.47 | window=3 | n_series=4096
2026-04-19 07:44:38 | INFO | tfim_1d_nqs | Finished J=-0.750 | E/N(NQS)=-1.146460 | E/N(exact)=-1.146543 | err=0.007% | m2=2.0066 | n2=0.0292 | tau_int=0.47
2026-04-19 07:44:38 | INFO | tfim_1d_nqs | Training point 14/38 | N=16 | J=-0.700 | h=1.000
2026-04-19 07:45:03 | INFO | tfim_1d_nqs |   autocorr: tau_int=0.51 | window=3 | n_series=4096
2026-04-19 07:45:03 | INFO | tfim_1d_nqs | Finished J=-0.700 | E/N(NQS)=-1.126748 | E/N(exact)=-1.126851 | err=0.009% | m2=1.6002 | n2=0.0332 | tau_int=0.51
2026-04-19 07:45:03 | INFO | tfim_1d_nqs | Training point 15/38 | N=16 | J=-0.600 | h=1.000
2026-04-19 07:45:28 | INFO | tfim_1d_nqs |   autocorr: tau_int=0.52 | window=3 | n_series=4096
2026-04-19 07:45:28 | INFO | tfim_1d_nqs | Finished J=-0.600 | E/N(NQS)=-1.092120 | E/N(exact)=-1.092241 | err=0.011% | m2=1.5899 | n2=0.0360 | tau_int=0.52
2026-04-19 07:45:28 | INFO | tfim_1d_nqs | Training point 16/38 | N=16 | J=-0.500 | h=1.000
2026-04-19 07:45:53 | INFO | tfim_1d_nqs |   autocorr: tau_int=0.52 | window=3 | n_series=4096
2026-04-19 07:45:53 | INFO | tfim_1d_nqs | Finished J=-0.500 | E/N(NQS)=-1.063560 | E/N(exact)=-1.063545 | err=0.001% | m2=1.3796 | n2=0.0398 | tau_int=0.52
2026-04-19 07:45:53 | INFO | tfim_1d_nqs | Training point 17/38 | N=16 | J=-0.300 | h=1.000
2026-04-19 07:46:18 | INFO | tfim_1d_nqs |   autocorr: tau_int=0.48 | window=3 | n_series=4096
2026-04-19 07:46:18 | INFO | tfim_1d_nqs | Finished J=-0.300 | E/N(NQS)=-1.022605 | E/N(exact)=-1.022630 | err=0.002% | m2=1.2679 | n2=0.0470 | tau_int=0.48
2026-04-19 07:46:18 | INFO | tfim_1d_nqs | Training point 18/38 | N=16 | J=-0.100 | h=1.000
2026-04-19 07:46:42 | INFO | tfim_1d_nqs |   autocorr: tau_int=0.57 | window=3 | n_series=4096
2026-04-19 07:46:42 | INFO | tfim_1d_nqs | Finished J=-0.100 | E/N(NQS)=-1.002479 | E/N(exact)=-1.002502 | err=0.002% | m2=1.2785 | n2=0.0585 | tau_int=0.57
2026-04-19 07:46:42 | INFO | tfim_1d_nqs | Training point 19/38 | N=16 | J=0.000 | h=1.000
2026-04-19 07:47:04 | INFO | tfim_1d_nqs |   autocorr: tau_int=0.51 | window=3 | n_series=4096
2026-04-19 07:47:04 | INFO | tfim_1d_nqs | Finished J=0.000 | E/N(NQS)=-1.000000 | E/N(exact)=-1.000000 | err=0.000% | m2=1.2729 | n2=0.0612 | tau_int=0.51
2026-04-19 07:47:04 | INFO | tfim_1d_nqs | Training point 20/38 | N=16 | J=0.100 | h=1.000
2026-04-19 07:47:28 | INFO | tfim_1d_nqs |   autocorr: tau_int=0.51 | window=3 | n_series=4096
2026-04-19 07:47:28 | INFO | tfim_1d_nqs | Finished J=0.100 | E/N(NQS)=-1.002503 | E/N(exact)=-1.002502 | err=0.000% | m2=1.1974 | n2=0.0675 | tau_int=0.51
2026-04-19 07:47:28 | INFO | tfim_1d_nqs | Training point 21/38 | N=16 | J=0.300 | h=1.000
2026-04-19 07:47:51 | INFO | tfim_1d_nqs |   autocorr: tau_int=0.48 | window=3 | n_series=4096
2026-04-19 07:47:51 | INFO | tfim_1d_nqs | Finished J=0.300 | E/N(NQS)=-1.022609 | E/N(exact)=-1.022630 | err=0.002% | m2=1.1874 | n2=0.0859 | tau_int=0.48
2026-04-19 07:47:51 | INFO | tfim_1d_nqs | Training point 22/38 | N=16 | J=0.500 | h=1.000
2026-04-19 07:48:16 | INFO | tfim_1d_nqs |   autocorr: tau_int=0.54 | window=3 | n_series=4096
2026-04-19 07:48:16 | INFO | tfim_1d_nqs | Finished J=0.500 | E/N(NQS)=-1.063614 | E/N(exact)=-1.063545 | err=0.007% | m2=1.1597 | n2=0.1161 | tau_int=0.54
2026-04-19 07:48:16 | INFO | tfim_1d_nqs | Training point 23/38 | N=16 | J=0.600 | h=1.000
2026-04-19 07:48:41 | INFO | tfim_1d_nqs |   autocorr: tau_int=0.52 | window=3 | n_series=4096
2026-04-19 07:48:41 | INFO | tfim_1d_nqs | Finished J=0.600 | E/N(NQS)=-1.092109 | E/N(exact)=-1.092241 | err=0.012% | m2=1.0964 | n2=0.1409 | tau_int=0.52
2026-04-19 07:48:41 | INFO | tfim_1d_nqs | Training point 24/38 | N=16 | J=0.700 | h=1.000
2026-04-19 07:49:07 | INFO | tfim_1d_nqs |   autocorr: tau_int=0.50 | window=3 | n_series=4096
2026-04-19 07:49:07 | INFO | tfim_1d_nqs | Finished J=0.700 | E/N(NQS)=-1.126663 | E/N(exact)=-1.126851 | err=0.017% | m2=1.1355 | n2=0.1756 | tau_int=0.50
2026-04-19 07:49:07 | INFO | tfim_1d_nqs | Training point 25/38 | N=16 | J=0.750 | h=1.000
2026-04-19 07:49:32 | INFO | tfim_1d_nqs |   autocorr: tau_int=0.49 | window=3 | n_series=4096
2026-04-19 07:49:32 | INFO | tfim_1d_nqs | Finished J=0.750 | E/N(NQS)=-1.146313 | E/N(exact)=-1.146543 | err=0.020% | m2=1.0907 | n2=0.1894 | tau_int=0.49
2026-04-19 07:49:32 | INFO | tfim_1d_nqs | Training point 26/38 | N=16 | J=0.800 | h=1.000
2026-04-19 07:49:57 | INFO | tfim_1d_nqs |   autocorr: tau_int=0.50 | window=3 | n_series=4096
2026-04-19 07:49:57 | INFO | tfim_1d_nqs | Finished J=0.800 | E/N(NQS)=-1.167909 | E/N(exact)=-1.167972 | err=0.005% | m2=1.1132 | n2=0.2301 | tau_int=0.50
2026-04-19 07:49:57 | INFO | tfim_1d_nqs | Training point 27/38 | N=16 | J=0.900 | h=1.000
2026-04-19 07:50:23 | INFO | tfim_1d_nqs |   autocorr: tau_int=0.54 | window=3 | n_series=4096
2026-04-19 07:50:23 | INFO | tfim_1d_nqs | Finished J=0.900 | E/N(NQS)=-1.216679 | E/N(exact)=-1.216805 | err=0.010% | m2=1.1024 | n2=0.3279 | tau_int=0.54
2026-04-19 07:50:23 | INFO | tfim_1d_nqs | Training point 28/38 | N=16 | J=1.000 | h=1.000
2026-04-19 07:50:49 | INFO | tfim_1d_nqs |   autocorr: tau_int=0.67 | window=4 | n_series=4096
2026-04-19 07:50:49 | INFO | tfim_1d_nqs | Finished J=1.000 | E/N(NQS)=-1.275095 | E/N(exact)=-1.275287 | err=0.015% | m2=1.0858 | n2=0.4936 | tau_int=0.67
2026-04-19 07:50:49 | INFO | tfim_1d_nqs | Training point 29/38 | N=16 | J=1.100 | h=1.000
2026-04-19 07:51:14 | INFO | tfim_1d_nqs |   autocorr: tau_int=0.63 | window=4 | n_series=4096
2026-04-19 07:51:14 | INFO | tfim_1d_nqs | Finished J=1.100 | E/N(NQS)=-1.343667 | E/N(exact)=-1.343863 | err=0.015% | m2=1.0429 | n2=0.6543 | tau_int=0.63
2026-04-19 07:51:14 | INFO | tfim_1d_nqs | Training point 30/38 | N=16 | J=1.200 | h=1.000
2026-04-19 07:51:39 | INFO | tfim_1d_nqs |   autocorr: tau_int=0.72 | window=4 | n_series=4096
2026-04-19 07:51:39 | INFO | tfim_1d_nqs | Finished J=1.200 | E/N(NQS)=-1.419322 | E/N(exact)=-1.419967 | err=0.045% | m2=1.0211 | n2=0.7509 | tau_int=0.72
2026-04-19 07:51:39 | INFO | tfim_1d_nqs | Training point 31/38 | N=16 | J=1.200 | h=1.000
2026-04-19 07:52:05 | INFO | tfim_1d_nqs |   autocorr: tau_int=0.60 | window=3 | n_series=4096
2026-04-19 07:52:05 | INFO | tfim_1d_nqs | Finished J=1.200 | E/N(NQS)=-1.420003 | E/N(exact)=-1.419967 | err=0.002% | m2=1.0572 | n2=0.7691 | tau_int=0.60
2026-04-19 07:52:05 | INFO | tfim_1d_nqs | Training point 32/38 | N=16 | J=1.300 | h=1.000
2026-04-19 07:52:34 | INFO | tfim_1d_nqs |   autocorr: tau_int=0.60 | window=4 | n_series=4096
2026-04-19 07:52:34 | INFO | tfim_1d_nqs | Finished J=1.300 | E/N(NQS)=-1.500545 | E/N(exact)=-1.500942 | err=0.026% | m2=1.0448 | n2=0.8149 | tau_int=0.60
2026-04-19 07:52:34 | INFO | tfim_1d_nqs | Training point 33/38 | N=16 | J=1.400 | h=1.000
2026-04-19 07:52:58 | INFO | tfim_1d_nqs |   autocorr: tau_int=0.51 | window=3 | n_series=4096
2026-04-19 07:52:58 | INFO | tfim_1d_nqs | Finished J=1.400 | E/N(NQS)=-1.584624 | E/N(exact)=-1.585231 | err=0.038% | m2=1.0410 | n2=0.8506 | tau_int=0.51
2026-04-19 07:52:58 | INFO | tfim_1d_nqs | Training point 34/38 | N=16 | J=1.500 | h=1.000
2026-04-19 07:53:22 | INFO | tfim_1d_nqs |   autocorr: tau_int=0.49 | window=3 | n_series=4096
2026-04-19 07:53:22 | INFO | tfim_1d_nqs | Finished J=1.500 | E/N(NQS)=-1.671936 | E/N(exact)=-1.671942 | err=0.000% | m2=1.0319 | n2=0.8831 | tau_int=0.49
2026-04-19 07:53:22 | INFO | tfim_1d_nqs | Training point 35/38 | N=16 | J=1.650 | h=1.000
2026-04-19 07:53:47 | INFO | tfim_1d_nqs |   autocorr: tau_int=0.72 | window=4 | n_series=4096
2026-04-19 07:53:47 | INFO | tfim_1d_nqs | Finished J=1.650 | E/N(NQS)=-1.805330 | E/N(exact)=-1.805373 | err=0.002% | m2=1.0333 | n2=0.8941 | tau_int=0.72
2026-04-19 07:53:47 | INFO | tfim_1d_nqs | Training point 36/38 | N=16 | J=2.100 | h=1.000
2026-04-19 07:54:11 | INFO | tfim_1d_nqs |   autocorr: tau_int=0.89 | window=5 | n_series=4096
2026-04-19 07:54:11 | INFO | tfim_1d_nqs | Finished J=2.100 | E/N(NQS)=-2.220541 | E/N(exact)=-2.220840 | err=0.013% | m2=1.0095 | n2=0.9359 | tau_int=0.89
2026-04-19 07:54:11 | INFO | tfim_1d_nqs | Training point 37/38 | N=16 | J=2.550 | h=1.000
2026-04-19 07:54:37 | INFO | tfim_1d_nqs |   autocorr: tau_int=0.60 | window=3 | n_series=4096
2026-04-19 07:54:37 | INFO | tfim_1d_nqs | Finished J=2.550 | E/N(NQS)=-2.648981 | E/N(exact)=-2.649020 | err=0.001% | m2=1.0173 | n2=0.9604 | tau_int=0.60
2026-04-19 07:54:37 | INFO | tfim_1d_nqs | Training point 38/38 | N=16 | J=3.000 | h=1.000
2026-04-19 07:55:00 | INFO | tfim_1d_nqs |   autocorr: tau_int=0.52 | window=3 | n_series=4096
2026-04-19 07:55:00 | INFO | tfim_1d_nqs | Finished J=3.000 | E/N(NQS)=-3.084064 | E/N(exact)=-3.083929 | err=0.004% | m2=1.0013 | n2=0.9728 | tau_int=0.52
2026-04-19 07:55:00 | INFO | tfim_1d_nqs | --- Starting scan for N=32 ---
2026-04-19 07:55:00 | INFO | tfim_1d_nqs | NQS 1D Transverse Field Ising Model
2026-04-19 07:55:00 | INFO | tfim_1d_nqs | System: N=32, h=1.000
2026-04-19 07:55:00 | INFO | tfim_1d_nqs | Scan: 38 J values from -3.000 to 3.000
2026-04-19 07:55:00 | INFO | tfim_1d_nqs | Training: n_iter=175 alpha=4 n_samples=2048 lr=0.01000
2026-04-19 07:55:00 | INFO | tfim_1d_nqs | Training point 1/38 | N=32 | J=-3.000 | h=1.000
2026-04-19 07:56:06 | INFO | tfim_1d_nqs |   autocorr: tau_int=0.53 | window=3 | n_series=4096
2026-04-19 07:56:06 | INFO | tfim_1d_nqs | Finished J=-3.000 | E/N(NQS)=-3.083935 | E/N(exact)=-3.083929 | err=0.000% | m2=4.8860 | n2=0.0010 | tau_int=0.53
2026-04-19 07:56:06 | INFO | tfim_1d_nqs | Training point 2/38 | N=32 | J=-2.550 | h=1.000
2026-04-19 07:57:06 | INFO | tfim_1d_nqs |   autocorr: tau_int=0.51 | window=3 | n_series=4096
2026-04-19 07:57:06 | INFO | tfim_1d_nqs | Finished J=-2.550 | E/N(NQS)=-2.649038 | E/N(exact)=-2.649020 | err=0.001% | m2=6.7858 | n2=0.0013 | tau_int=0.51
2026-04-19 07:57:06 | INFO | tfim_1d_nqs | Training point 3/38 | N=32 | J=-2.100 | h=1.000
2026-04-19 07:58:05 | INFO | tfim_1d_nqs |   autocorr: tau_int=0.57 | window=3 | n_series=4096
2026-04-19 07:58:05 | INFO | tfim_1d_nqs | Finished J=-2.100 | E/N(NQS)=-2.220792 | E/N(exact)=-2.220840 | err=0.002% | m2=5.2373 | n2=0.0019 | tau_int=0.57
2026-04-19 07:58:05 | INFO | tfim_1d_nqs | Training point 4/38 | N=32 | J=-1.650 | h=1.000
2026-04-19 07:59:04 | INFO | tfim_1d_nqs |   autocorr: tau_int=0.53 | window=3 | n_series=4096
2026-04-19 07:59:04 | INFO | tfim_1d_nqs | Finished J=-1.650 | E/N(NQS)=-1.805169 | E/N(exact)=-1.805369 | err=0.011% | m2=3.1822 | n2=0.0027 | tau_int=0.53
2026-04-19 07:59:04 | INFO | tfim_1d_nqs | Training point 5/38 | N=32 | J=-1.500 | h=1.000
2026-04-19 08:00:04 | INFO | tfim_1d_nqs |   autocorr: tau_int=0.65 | window=4 | n_series=4096
2026-04-19 08:00:04 | INFO | tfim_1d_nqs | Finished J=-1.500 | E/N(NQS)=-1.671809 | E/N(exact)=-1.671926 | err=0.007% | m2=5.8709 | n2=0.0035 | tau_int=0.65
2026-04-19 08:00:04 | INFO | tfim_1d_nqs | Training point 6/38 | N=32 | J=-1.400 | h=1.000
2026-04-19 08:01:07 | INFO | tfim_1d_nqs |   autocorr: tau_int=0.52 | window=3 | n_series=4096
2026-04-19 08:01:07 | INFO | tfim_1d_nqs | Finished J=-1.400 | E/N(NQS)=-1.584946 | E/N(exact)=-1.585188 | err=0.015% | m2=4.8016 | n2=0.0041 | tau_int=0.52
2026-04-19 08:01:07 | INFO | tfim_1d_nqs | Training point 7/38 | N=32 | J=-1.300 | h=1.000
2026-04-19 08:02:09 | INFO | tfim_1d_nqs |   autocorr: tau_int=1.07 | window=6 | n_series=4096
2026-04-19 08:02:09 | INFO | tfim_1d_nqs | Finished J=-1.300 | E/N(NQS)=-1.500638 | E/N(exact)=-1.500824 | err=0.012% | m2=4.2267 | n2=0.0046 | tau_int=1.07
2026-04-19 08:02:09 | INFO | tfim_1d_nqs | Training point 8/38 | N=32 | J=-1.200 | h=1.000
2026-04-19 08:03:11 | INFO | tfim_1d_nqs |   autocorr: tau_int=1.11 | window=6 | n_series=4096
2026-04-19 08:03:11 | INFO | tfim_1d_nqs | Finished J=-1.200 | E/N(NQS)=-1.417927 | E/N(exact)=-1.419626 | err=0.120% | m2=3.3275 | n2=0.0061 | tau_int=1.11
2026-04-19 08:03:11 | INFO | tfim_1d_nqs | Training point 9/38 | N=32 | J=-1.100 | h=1.000
2026-04-19 08:04:16 | INFO | tfim_1d_nqs |   autocorr: tau_int=1.69 | window=9 | n_series=4096
2026-04-19 08:04:16 | INFO | tfim_1d_nqs | Finished J=-1.100 | E/N(NQS)=-1.340912 | E/N(exact)=-1.342938 | err=0.151% | m2=2.9249 | n2=0.0078 | tau_int=1.69
2026-04-19 08:04:16 | INFO | tfim_1d_nqs | Training point 10/38 | N=32 | J=-1.000 | h=1.000
2026-04-19 08:05:18 | INFO | tfim_1d_nqs |   autocorr: tau_int=0.87 | window=5 | n_series=4096
2026-04-19 08:05:18 | INFO | tfim_1d_nqs | Finished J=-1.000 | E/N(NQS)=-1.272546 | E/N(exact)=-1.273751 | err=0.095% | m2=2.1941 | n2=0.0105 | tau_int=0.87
2026-04-19 08:05:18 | INFO | tfim_1d_nqs | Training point 11/38 | N=32 | J=-0.900 | h=1.000
2026-04-19 08:06:22 | INFO | tfim_1d_nqs |   autocorr: tau_int=0.54 | window=3 | n_series=4096
2026-04-19 08:06:22 | INFO | tfim_1d_nqs | Finished J=-0.900 | E/N(NQS)=-1.215778 | E/N(exact)=-1.216052 | err=0.023% | m2=1.8385 | n2=0.0121 | tau_int=0.54
2026-04-19 08:06:22 | INFO | tfim_1d_nqs | Training point 12/38 | N=32 | J=-0.800 | h=1.000
2026-04-19 08:07:24 | INFO | tfim_1d_nqs |   autocorr: tau_int=0.52 | window=3 | n_series=4096
2026-04-19 08:07:24 | INFO | tfim_1d_nqs | Finished J=-0.800 | E/N(NQS)=-1.167450 | E/N(exact)=-1.167811 | err=0.031% | m2=1.5082 | n2=0.0141 | tau_int=0.52
2026-04-19 08:07:24 | INFO | tfim_1d_nqs | Training point 13/38 | N=32 | J=-0.750 | h=1.000
2026-04-19 08:08:24 | INFO | tfim_1d_nqs |   autocorr: tau_int=0.48 | window=3 | n_series=4096
2026-04-19 08:08:24 | INFO | tfim_1d_nqs | Finished J=-0.750 | E/N(NQS)=-1.146239 | E/N(exact)=-1.146480 | err=0.021% | m2=1.4318 | n2=0.0151 | tau_int=0.48
2026-04-19 08:08:24 | INFO | tfim_1d_nqs | Training point 14/38 | N=32 | J=-0.700 | h=1.000
2026-04-19 08:09:25 | INFO | tfim_1d_nqs |   autocorr: tau_int=0.54 | window=3 | n_series=4096
2026-04-19 08:09:25 | INFO | tfim_1d_nqs | Finished J=-0.700 | E/N(NQS)=-1.126638 | E/N(exact)=-1.126829 | err=0.017% | m2=1.2955 | n2=0.0163 | tau_int=0.54
2026-04-19 08:09:25 | INFO | tfim_1d_nqs | Training point 15/38 | N=32 | J=-0.600 | h=1.000
2026-04-19 08:10:26 | INFO | tfim_1d_nqs |   autocorr: tau_int=0.51 | window=3 | n_series=4096
2026-04-19 08:10:26 | INFO | tfim_1d_nqs | Finished J=-0.600 | E/N(NQS)=-1.091986 | E/N(exact)=-1.092239 | err=0.023% | m2=1.2003 | n2=0.0174 | tau_int=0.51
2026-04-19 08:10:26 | INFO | tfim_1d_nqs | Training point 16/38 | N=32 | J=-0.500 | h=1.000
2026-04-19 08:11:23 | INFO | tfim_1d_nqs |   autocorr: tau_int=0.53 | window=3 | n_series=4096
2026-04-19 08:11:23 | INFO | tfim_1d_nqs | Finished J=-0.500 | E/N(NQS)=-1.063471 | E/N(exact)=-1.063544 | err=0.007% | m2=1.2297 | n2=0.0201 | tau_int=0.53
2026-04-19 08:11:23 | INFO | tfim_1d_nqs | Training point 17/38 | N=32 | J=-0.300 | h=1.000
2026-04-19 08:12:18 | INFO | tfim_1d_nqs |   autocorr: tau_int=0.54 | window=3 | n_series=4096
2026-04-19 08:12:18 | INFO | tfim_1d_nqs | Finished J=-0.300 | E/N(NQS)=-1.022599 | E/N(exact)=-1.022630 | err=0.003% | m2=1.1519 | n2=0.0242 | tau_int=0.54
2026-04-19 08:12:18 | INFO | tfim_1d_nqs | Training point 18/38 | N=32 | J=-0.100 | h=1.000
2026-04-19 08:13:14 | INFO | tfim_1d_nqs |   autocorr: tau_int=0.50 | window=3 | n_series=4096
2026-04-19 08:13:14 | INFO | tfim_1d_nqs | Finished J=-0.100 | E/N(NQS)=-1.002486 | E/N(exact)=-1.002502 | err=0.002% | m2=1.1766 | n2=0.0289 | tau_int=0.50
2026-04-19 08:13:14 | INFO | tfim_1d_nqs | Training point 19/38 | N=32 | J=0.000 | h=1.000
2026-04-19 08:14:06 | INFO | tfim_1d_nqs |   autocorr: tau_int=0.48 | window=3 | n_series=4096
2026-04-19 08:14:06 | INFO | tfim_1d_nqs | Finished J=0.000 | E/N(NQS)=-1.000000 | E/N(exact)=-1.000000 | err=0.000% | m2=1.1146 | n2=0.0308 | tau_int=0.48
2026-04-19 08:14:06 | INFO | tfim_1d_nqs | Training point 20/38 | N=32 | J=0.100 | h=1.000
2026-04-19 08:15:01 | INFO | tfim_1d_nqs |   autocorr: tau_int=0.49 | window=3 | n_series=4096
2026-04-19 08:15:01 | INFO | tfim_1d_nqs | Finished J=0.100 | E/N(NQS)=-1.002501 | E/N(exact)=-1.002502 | err=0.000% | m2=1.1122 | n2=0.0359 | tau_int=0.49
2026-04-19 08:15:01 | INFO | tfim_1d_nqs | Training point 21/38 | N=32 | J=0.300 | h=1.000
2026-04-19 08:15:57 | INFO | tfim_1d_nqs |   autocorr: tau_int=0.53 | window=3 | n_series=4096
2026-04-19 08:15:57 | INFO | tfim_1d_nqs | Finished J=0.300 | E/N(NQS)=-1.022591 | E/N(exact)=-1.022630 | err=0.004% | m2=1.0952 | n2=0.0447 | tau_int=0.53
2026-04-19 08:15:57 | INFO | tfim_1d_nqs | Training point 22/38 | N=32 | J=0.500 | h=1.000
2026-04-19 08:16:54 | INFO | tfim_1d_nqs |   autocorr: tau_int=0.44 | window=3 | n_series=4096
2026-04-19 08:16:54 | INFO | tfim_1d_nqs | Finished J=0.500 | E/N(NQS)=-1.063500 | E/N(exact)=-1.063544 | err=0.004% | m2=1.0947 | n2=0.0569 | tau_int=0.44
2026-04-19 08:16:54 | INFO | tfim_1d_nqs | Training point 23/38 | N=32 | J=0.600 | h=1.000
2026-04-19 08:17:53 | INFO | tfim_1d_nqs |   autocorr: tau_int=0.50 | window=3 | n_series=4096
2026-04-19 08:17:53 | INFO | tfim_1d_nqs | Finished J=0.600 | E/N(NQS)=-1.092040 | E/N(exact)=-1.092239 | err=0.018% | m2=1.0717 | n2=0.0665 | tau_int=0.50
2026-04-19 08:17:53 | INFO | tfim_1d_nqs | Training point 24/38 | N=32 | J=0.700 | h=1.000
2026-04-19 08:18:53 | INFO | tfim_1d_nqs |   autocorr: tau_int=0.57 | window=3 | n_series=4096
2026-04-19 08:18:53 | INFO | tfim_1d_nqs | Finished J=0.700 | E/N(NQS)=-1.126880 | E/N(exact)=-1.126829 | err=0.005% | m2=1.0776 | n2=0.0892 | tau_int=0.57
2026-04-19 08:18:53 | INFO | tfim_1d_nqs | Training point 25/38 | N=32 | J=0.750 | h=1.000
2026-04-19 08:19:53 | INFO | tfim_1d_nqs |   autocorr: tau_int=0.52 | window=3 | n_series=4096
2026-04-19 08:19:53 | INFO | tfim_1d_nqs | Finished J=0.750 | E/N(NQS)=-1.146368 | E/N(exact)=-1.146480 | err=0.010% | m2=1.0620 | n2=0.1008 | tau_int=0.52
2026-04-19 08:19:53 | INFO | tfim_1d_nqs | Training point 26/38 | N=32 | J=0.800 | h=1.000
2026-04-19 08:20:54 | INFO | tfim_1d_nqs |   autocorr: tau_int=0.51 | window=3 | n_series=4096
2026-04-19 08:20:54 | INFO | tfim_1d_nqs | Finished J=0.800 | E/N(NQS)=-1.167768 | E/N(exact)=-1.167811 | err=0.004% | m2=1.0670 | n2=0.1182 | tau_int=0.51
2026-04-19 08:20:54 | INFO | tfim_1d_nqs | Training point 27/38 | N=32 | J=0.900 | h=1.000
2026-04-19 08:22:00 | INFO | tfim_1d_nqs |   autocorr: tau_int=0.57 | window=3 | n_series=4096
2026-04-19 08:22:00 | INFO | tfim_1d_nqs | Finished J=0.900 | E/N(NQS)=-1.215650 | E/N(exact)=-1.216052 | err=0.033% | m2=1.0438 | n2=0.1597 | tau_int=0.57
2026-04-19 08:22:00 | INFO | tfim_1d_nqs | Training point 28/38 | N=32 | J=1.000 | h=1.000
2026-04-19 08:23:05 | INFO | tfim_1d_nqs |   autocorr: tau_int=0.79 | window=4 | n_series=4096
2026-04-19 08:23:05 | INFO | tfim_1d_nqs | Finished J=1.000 | E/N(NQS)=-1.272899 | E/N(exact)=-1.273751 | err=0.067% | m2=1.0433 | n2=0.3140 | tau_int=0.79
2026-04-19 08:23:05 | INFO | tfim_1d_nqs | Training point 29/38 | N=32 | J=1.100 | h=1.000
2026-04-19 08:24:09 | INFO | tfim_1d_nqs |   autocorr: tau_int=1.36 | window=7 | n_series=4096
2026-04-19 08:24:09 | INFO | tfim_1d_nqs | Finished J=1.100 | E/N(NQS)=-1.341356 | E/N(exact)=-1.342938 | err=0.118% | m2=1.0234 | n2=0.5599 | tau_int=1.36
2026-04-19 08:24:09 | INFO | tfim_1d_nqs | Training point 30/38 | N=32 | J=1.200 | h=1.000
2026-04-19 08:25:12 | INFO | tfim_1d_nqs |   autocorr: tau_int=2.10 | window=11 | n_series=4096
2026-04-19 08:25:12 | INFO | tfim_1d_nqs | Finished J=1.200 | E/N(NQS)=-1.418767 | E/N(exact)=-1.419626 | err=0.061% | m2=1.0322 | n2=0.7187 | tau_int=2.10
2026-04-19 08:25:12 | INFO | tfim_1d_nqs | Training point 31/38 | N=32 | J=1.200 | h=1.000
2026-04-19 08:26:13 | INFO | tfim_1d_nqs |   autocorr: tau_int=1.35 | window=7 | n_series=4096
2026-04-19 08:26:13 | INFO | tfim_1d_nqs | Finished J=1.200 | E/N(NQS)=-1.418965 | E/N(exact)=-1.419626 | err=0.047% | m2=1.0207 | n2=0.7281 | tau_int=1.35
2026-04-19 08:26:13 | INFO | tfim_1d_nqs | Training point 32/38 | N=32 | J=1.300 | h=1.000
2026-04-19 08:27:15 | INFO | tfim_1d_nqs |   autocorr: tau_int=1.30 | window=7 | n_series=4096
2026-04-19 08:27:15 | INFO | tfim_1d_nqs | Finished J=1.300 | E/N(NQS)=-1.500425 | E/N(exact)=-1.500824 | err=0.027% | m2=1.0284 | n2=0.7872 | tau_int=1.30
2026-04-19 08:27:15 | INFO | tfim_1d_nqs | Training point 33/38 | N=32 | J=1.400 | h=1.000
2026-04-19 08:28:14 | INFO | tfim_1d_nqs |   autocorr: tau_int=0.94 | window=5 | n_series=4096
2026-04-19 08:28:14 | INFO | tfim_1d_nqs | Finished J=1.400 | E/N(NQS)=-1.584997 | E/N(exact)=-1.585188 | err=0.012% | m2=1.0113 | n2=0.8492 | tau_int=0.94
2026-04-19 08:28:14 | INFO | tfim_1d_nqs | Training point 34/38 | N=32 | J=1.500 | h=1.000
2026-04-19 08:29:14 | INFO | tfim_1d_nqs |   autocorr: tau_int=0.57 | window=3 | n_series=4096
2026-04-19 08:29:14 | INFO | tfim_1d_nqs | Finished J=1.500 | E/N(NQS)=-1.671753 | E/N(exact)=-1.671926 | err=0.010% | m2=1.0112 | n2=0.8718 | tau_int=0.57
2026-04-19 08:29:14 | INFO | tfim_1d_nqs | Training point 35/38 | N=32 | J=1.650 | h=1.000
2026-04-19 08:30:12 | INFO | tfim_1d_nqs |   autocorr: tau_int=0.51 | window=3 | n_series=4096
2026-04-19 08:30:12 | INFO | tfim_1d_nqs | Finished J=1.650 | E/N(NQS)=-1.805331 | E/N(exact)=-1.805369 | err=0.002% | m2=1.0127 | n2=0.9006 | tau_int=0.51
2026-04-19 08:30:12 | INFO | tfim_1d_nqs | Training point 36/38 | N=32 | J=2.100 | h=1.000
2026-04-19 08:31:10 | INFO | tfim_1d_nqs |   autocorr: tau_int=0.61 | window=4 | n_series=4096
2026-04-19 08:31:10 | INFO | tfim_1d_nqs | Finished J=2.100 | E/N(NQS)=-2.220761 | E/N(exact)=-2.220840 | err=0.004% | m2=1.0061 | n2=0.9363 | tau_int=0.61
2026-04-19 08:31:10 | INFO | tfim_1d_nqs | Training point 37/38 | N=32 | J=2.550 | h=1.000
2026-04-19 08:32:05 | INFO | tfim_1d_nqs |   autocorr: tau_int=0.53 | window=3 | n_series=4096
2026-04-19 08:32:05 | INFO | tfim_1d_nqs | Finished J=2.550 | E/N(NQS)=-2.649004 | E/N(exact)=-2.649020 | err=0.001% | m2=1.0068 | n2=0.9606 | tau_int=0.53
2026-04-19 08:32:05 | INFO | tfim_1d_nqs | Training point 38/38 | N=32 | J=3.000 | h=1.000
2026-04-19 08:33:01 | INFO | tfim_1d_nqs |   autocorr: tau_int=0.94 | window=5 | n_series=4096
2026-04-19 08:33:01 | INFO | tfim_1d_nqs | Finished J=3.000 | E/N(NQS)=-3.083938 | E/N(exact)=-3.083929 | err=0.000% | m2=1.0001 | n2=0.9750 | tau_int=0.94
2026-04-19 08:33:01 | INFO | tfim_1d_nqs | --- Starting scan for N=64 ---
2026-04-19 08:33:01 | INFO | tfim_1d_nqs | NQS 1D Transverse Field Ising Model
2026-04-19 08:33:01 | INFO | tfim_1d_nqs | System: N=64, h=1.000
2026-04-19 08:33:01 | INFO | tfim_1d_nqs | Scan: 38 J values from -3.000 to 3.000
2026-04-19 08:33:01 | INFO | tfim_1d_nqs | Training: n_iter=175 alpha=4 n_samples=2048 lr=0.01000
2026-04-19 08:33:01 | INFO | tfim_1d_nqs | Training point 1/38 | N=64 | J=-3.000 | h=1.000
2026-04-19 08:36:03 | INFO | tfim_1d_nqs |   autocorr: tau_int=0.65 | window=4 | n_series=4096
2026-04-19 08:36:03 | INFO | tfim_1d_nqs | Finished J=-3.000 | E/N(NQS)=-3.083921 | E/N(exact)=-3.083929 | err=0.000% | m2=4.3906 | n2=0.0004 | tau_int=0.65
2026-04-19 08:36:03 | INFO | tfim_1d_nqs | Training point 2/38 | N=64 | J=-2.550 | h=1.000
2026-04-19 08:39:01 | INFO | tfim_1d_nqs |   autocorr: tau_int=0.59 | window=4 | n_series=4096
2026-04-19 08:39:01 | INFO | tfim_1d_nqs | Finished J=-2.550 | E/N(NQS)=-2.648914 | E/N(exact)=-2.649020 | err=0.004% | m2=5.3278 | n2=0.0006 | tau_int=0.59
2026-04-19 08:39:01 | INFO | tfim_1d_nqs | Training point 3/38 | N=64 | J=-2.100 | h=1.000
2026-04-19 08:41:59 | INFO | tfim_1d_nqs |   autocorr: tau_int=0.54 | window=3 | n_series=4096
2026-04-19 08:41:59 | INFO | tfim_1d_nqs | Finished J=-2.100 | E/N(NQS)=-2.220783 | E/N(exact)=-2.220840 | err=0.003% | m2=3.7794 | n2=0.0009 | tau_int=0.54
2026-04-19 08:41:59 | INFO | tfim_1d_nqs | Training point 4/38 | N=64 | J=-1.650 | h=1.000
2026-04-19 08:45:11 | INFO | tfim_1d_nqs |   autocorr: tau_int=0.55 | window=3 | n_series=4096
2026-04-19 08:45:11 | INFO | tfim_1d_nqs | Finished J=-1.650 | E/N(NQS)=-1.805266 | E/N(exact)=-1.805369 | err=0.006% | m2=5.5280 | n2=0.0015 | tau_int=0.55
2026-04-19 08:45:11 | INFO | tfim_1d_nqs | Training point 5/38 | N=64 | J=-1.500 | h=1.000
2026-04-19 08:48:30 | INFO | tfim_1d_nqs |   autocorr: tau_int=0.58 | window=3 | n_series=4096
2026-04-19 08:48:30 | INFO | tfim_1d_nqs | Finished J=-1.500 | E/N(NQS)=-1.671812 | E/N(exact)=-1.671926 | err=0.007% | m2=4.0018 | n2=0.0018 | tau_int=0.58
2026-04-19 08:48:30 | INFO | tfim_1d_nqs | Training point 6/38 | N=64 | J=-1.400 | h=1.000
2026-04-19 08:51:52 | INFO | tfim_1d_nqs |   autocorr: tau_int=0.57 | window=3 | n_series=4096
2026-04-19 08:51:52 | INFO | tfim_1d_nqs | Finished J=-1.400 | E/N(NQS)=-1.584843 | E/N(exact)=-1.585188 | err=0.022% | m2=3.8935 | n2=0.0022 | tau_int=0.57
2026-04-19 08:51:52 | INFO | tfim_1d_nqs | Training point 7/38 | N=64 | J=-1.300 | h=1.000
2026-04-19 08:55:21 | INFO | tfim_1d_nqs |   autocorr: tau_int=2.11 | window=11 | n_series=4096
2026-04-19 08:55:21 | INFO | tfim_1d_nqs | Finished J=-1.300 | E/N(NQS)=-1.500372 | E/N(exact)=-1.500823 | err=0.030% | m2=5.0530 | n2=0.0026 | tau_int=2.11
2026-04-19 08:55:21 | INFO | tfim_1d_nqs | Training point 8/38 | N=64 | J=-1.200 | h=1.000
2026-04-19 08:58:47 | INFO | tfim_1d_nqs |   autocorr: tau_int=2.30 | window=12 | n_series=4096
2026-04-19 08:58:47 | INFO | tfim_1d_nqs | Finished J=-1.200 | E/N(NQS)=-1.417288 | E/N(exact)=-1.419619 | err=0.164% | m2=3.1373 | n2=0.0030 | tau_int=2.30
2026-04-19 08:58:47 | INFO | tfim_1d_nqs | Training point 9/38 | N=64 | J=-1.100 | h=1.000
2026-04-19 09:02:16 | INFO | tfim_1d_nqs |   autocorr: tau_int=0.97 | window=5 | n_series=4096
2026-04-19 09:02:16 | INFO | tfim_1d_nqs | Finished J=-1.100 | E/N(NQS)=-1.338949 | E/N(exact)=-1.342865 | err=0.292% | m2=2.5246 | n2=0.0042 | tau_int=0.97
2026-04-19 09:02:16 | INFO | tfim_1d_nqs | Training point 10/38 | N=64 | J=-1.000 | h=1.000
2026-04-19 09:05:37 | INFO | tfim_1d_nqs |   autocorr: tau_int=0.60 | window=4 | n_series=4096
2026-04-19 09:05:37 | INFO | tfim_1d_nqs | Finished J=-1.000 | E/N(NQS)=-1.271058 | E/N(exact)=-1.273367 | err=0.181% | m2=1.4465 | n2=0.0052 | tau_int=0.60
2026-04-19 09:05:37 | INFO | tfim_1d_nqs | Training point 11/38 | N=64 | J=-0.900 | h=1.000
2026-04-19 09:08:53 | INFO | tfim_1d_nqs |   autocorr: tau_int=0.57 | window=3 | n_series=4096
2026-04-19 09:08:53 | INFO | tfim_1d_nqs | Finished J=-0.900 | E/N(NQS)=-1.215041 | E/N(exact)=-1.216002 | err=0.079% | m2=1.3026 | n2=0.0060 | tau_int=0.57
2026-04-19 09:08:53 | INFO | tfim_1d_nqs | Training point 12/38 | N=64 | J=-0.800 | h=1.000
2026-04-19 09:12:04 | INFO | tfim_1d_nqs |   autocorr: tau_int=0.53 | window=3 | n_series=4096
2026-04-19 09:12:04 | INFO | tfim_1d_nqs | Finished J=-0.800 | E/N(NQS)=-1.167453 | E/N(exact)=-1.167810 | err=0.031% | m2=1.2084 | n2=0.0072 | tau_int=0.53
2026-04-19 09:12:04 | INFO | tfim_1d_nqs | Training point 13/38 | N=64 | J=-0.750 | h=1.000
2026-04-19 09:15:13 | INFO | tfim_1d_nqs |   autocorr: tau_int=0.50 | window=3 | n_series=4096
2026-04-19 09:15:13 | INFO | tfim_1d_nqs | Finished J=-0.750 | E/N(NQS)=-1.146149 | E/N(exact)=-1.146480 | err=0.029% | m2=1.1987 | n2=0.0075 | tau_int=0.50
2026-04-19 09:15:13 | INFO | tfim_1d_nqs | Training point 14/38 | N=64 | J=-0.700 | h=1.000
2026-04-19 09:18:19 | INFO | tfim_1d_nqs |   autocorr: tau_int=0.50 | window=3 | n_series=4096
2026-04-19 09:18:19 | INFO | tfim_1d_nqs | Finished J=-0.700 | E/N(NQS)=-1.126588 | E/N(exact)=-1.126829 | err=0.021% | m2=1.1494 | n2=0.0086 | tau_int=0.50
2026-04-19 09:18:19 | INFO | tfim_1d_nqs | Training point 15/38 | N=64 | J=-0.600 | h=1.000
2026-04-19 09:21:22 | INFO | tfim_1d_nqs |   autocorr: tau_int=0.51 | window=3 | n_series=4096
2026-04-19 09:21:22 | INFO | tfim_1d_nqs | Finished J=-0.600 | E/N(NQS)=-1.092162 | E/N(exact)=-1.092239 | err=0.007% | m2=1.1387 | n2=0.0092 | tau_int=0.51
2026-04-19 09:21:22 | INFO | tfim_1d_nqs | Training point 16/38 | N=64 | J=-0.500 | h=1.000
2026-04-19 09:24:16 | INFO | tfim_1d_nqs |   autocorr: tau_int=0.53 | window=3 | n_series=4096
2026-04-19 09:24:16 | INFO | tfim_1d_nqs | Finished J=-0.500 | E/N(NQS)=-1.063421 | E/N(exact)=-1.063544 | err=0.012% | m2=1.1102 | n2=0.0104 | tau_int=0.53
2026-04-19 09:24:16 | INFO | tfim_1d_nqs | Training point 17/38 | N=64 | J=-0.300 | h=1.000
2026-04-19 09:27:05 | INFO | tfim_1d_nqs |   autocorr: tau_int=0.43 | window=3 | n_series=4096
2026-04-19 09:27:05 | INFO | tfim_1d_nqs | Finished J=-0.300 | E/N(NQS)=-1.022646 | E/N(exact)=-1.022630 | err=0.002% | m2=1.0599 | n2=0.0117 | tau_int=0.43
2026-04-19 09:27:05 | INFO | tfim_1d_nqs | Training point 18/38 | N=64 | J=-0.100 | h=1.000
2026-04-19 09:29:49 | INFO | tfim_1d_nqs |   autocorr: tau_int=0.54 | window=3 | n_series=4096
2026-04-19 09:29:49 | INFO | tfim_1d_nqs | Finished J=-0.100 | E/N(NQS)=-1.002493 | E/N(exact)=-1.002502 | err=0.001% | m2=1.0699 | n2=0.0141 | tau_int=0.54
2026-04-19 09:29:49 | INFO | tfim_1d_nqs | Training point 19/38 | N=64 | J=0.000 | h=1.000
2026-04-19 09:32:27 | INFO | tfim_1d_nqs |   autocorr: tau_int=0.49 | window=3 | n_series=4096
2026-04-19 09:32:27 | INFO | tfim_1d_nqs | Finished J=0.000 | E/N(NQS)=-1.000000 | E/N(exact)=-1.000000 | err=0.000% | m2=1.0553 | n2=0.0151 | tau_int=0.49
2026-04-19 09:32:27 | INFO | tfim_1d_nqs | Training point 20/38 | N=64 | J=0.100 | h=1.000
2026-04-19 09:35:14 | INFO | tfim_1d_nqs |   autocorr: tau_int=0.51 | window=3 | n_series=4096
2026-04-19 09:35:14 | INFO | tfim_1d_nqs | Finished J=0.100 | E/N(NQS)=-1.002516 | E/N(exact)=-1.002502 | err=0.001% | m2=1.0392 | n2=0.0176 | tau_int=0.51
2026-04-19 09:35:14 | INFO | tfim_1d_nqs | Training point 21/38 | N=64 | J=0.300 | h=1.000
2026-04-19 09:38:09 | INFO | tfim_1d_nqs |   autocorr: tau_int=0.50 | window=3 | n_series=4096
2026-04-19 09:38:09 | INFO | tfim_1d_nqs | Finished J=0.300 | E/N(NQS)=-1.022591 | E/N(exact)=-1.022630 | err=0.004% | m2=1.0447 | n2=0.0221 | tau_int=0.50
2026-04-19 09:38:09 | INFO | tfim_1d_nqs | Training point 22/38 | N=64 | J=0.500 | h=1.000
2026-04-19 09:41:16 | INFO | tfim_1d_nqs |   autocorr: tau_int=0.52 | window=3 | n_series=4096
2026-04-19 09:41:16 | INFO | tfim_1d_nqs | Finished J=0.500 | E/N(NQS)=-1.063507 | E/N(exact)=-1.063544 | err=0.004% | m2=1.0211 | n2=0.0299 | tau_int=0.52
2026-04-19 09:41:16 | INFO | tfim_1d_nqs | Training point 23/38 | N=64 | J=0.600 | h=1.000
2026-04-19 09:44:26 | INFO | tfim_1d_nqs |   autocorr: tau_int=0.53 | window=3 | n_series=4096
2026-04-19 09:44:26 | INFO | tfim_1d_nqs | Finished J=0.600 | E/N(NQS)=-1.092093 | E/N(exact)=-1.092239 | err=0.013% | m2=1.0324 | n2=0.0334 | tau_int=0.53
2026-04-19 09:44:26 | INFO | tfim_1d_nqs | Training point 24/38 | N=64 | J=0.700 | h=1.000
2026-04-19 09:47:42 | INFO | tfim_1d_nqs |   autocorr: tau_int=0.54 | window=3 | n_series=4096
2026-04-19 09:47:42 | INFO | tfim_1d_nqs | Finished J=0.700 | E/N(NQS)=-1.126567 | E/N(exact)=-1.126829 | err=0.023% | m2=1.0309 | n2=0.0456 | tau_int=0.54
2026-04-19 09:47:42 | INFO | tfim_1d_nqs | Training point 25/38 | N=64 | J=0.750 | h=1.000
2026-04-19 09:50:53 | INFO | tfim_1d_nqs |   autocorr: tau_int=0.50 | window=3 | n_series=4096
2026-04-19 09:50:53 | INFO | tfim_1d_nqs | Finished J=0.750 | E/N(NQS)=-1.146292 | E/N(exact)=-1.146480 | err=0.016% | m2=1.0328 | n2=0.0483 | tau_int=0.50
2026-04-19 09:50:53 | INFO | tfim_1d_nqs | Training point 26/38 | N=64 | J=0.800 | h=1.000
2026-04-19 09:54:19 | INFO | tfim_1d_nqs |   autocorr: tau_int=0.58 | window=3 | n_series=4096
2026-04-19 09:54:19 | INFO | tfim_1d_nqs | Finished J=0.800 | E/N(NQS)=-1.167343 | E/N(exact)=-1.167810 | err=0.040% | m2=1.0433 | n2=0.0570 | tau_int=0.58
2026-04-19 09:54:19 | INFO | tfim_1d_nqs | Training point 27/38 | N=64 | J=0.900 | h=1.000
2026-04-19 09:57:55 | INFO | tfim_1d_nqs |   autocorr: tau_int=0.60 | window=3 | n_series=4096
2026-04-19 09:57:55 | INFO | tfim_1d_nqs | Finished J=0.900 | E/N(NQS)=-1.215245 | E/N(exact)=-1.216002 | err=0.062% | m2=1.0400 | n2=0.0974 | tau_int=0.60
2026-04-19 09:57:55 | INFO | tfim_1d_nqs | Training point 28/38 | N=64 | J=1.000 | h=1.000
2026-04-19 10:01:43 | INFO | tfim_1d_nqs |   autocorr: tau_int=0.63 | window=4 | n_series=4096
2026-04-19 10:01:43 | INFO | tfim_1d_nqs | Finished J=1.000 | E/N(NQS)=-1.271317 | E/N(exact)=-1.273367 | err=0.161% | m2=1.0289 | n2=0.1555 | tau_int=0.63
2026-04-19 10:01:43 | INFO | tfim_1d_nqs | Training point 29/38 | N=64 | J=1.100 | h=1.000
2026-04-19 10:05:32 | INFO | tfim_1d_nqs |   autocorr: tau_int=0.96 | window=5 | n_series=4096
2026-04-19 10:05:32 | INFO | tfim_1d_nqs | Finished J=1.100 | E/N(NQS)=-1.337463 | E/N(exact)=-1.342865 | err=0.402% | m2=1.0144 | n2=0.3499 | tau_int=0.96
2026-04-19 10:05:32 | INFO | tfim_1d_nqs | Training point 30/38 | N=64 | J=1.200 | h=1.000
2026-04-19 10:09:23 | INFO | tfim_1d_nqs |   autocorr: tau_int=1.99 | window=10 | n_series=4096
2026-04-19 10:09:23 | INFO | tfim_1d_nqs | Finished J=1.200 | E/N(NQS)=-1.416528 | E/N(exact)=-1.419619 | err=0.218% | m2=1.0186 | n2=0.6264 | tau_int=1.99
2026-04-19 10:09:23 | INFO | tfim_1d_nqs | Training point 31/38 | N=64 | J=1.200 | h=1.000
2026-04-19 10:13:16 | INFO | tfim_1d_nqs |   autocorr: tau_int=2.33 | window=12 | n_series=4096
2026-04-19 10:13:16 | INFO | tfim_1d_nqs | Finished J=1.200 | E/N(NQS)=-1.415622 | E/N(exact)=-1.419619 | err=0.282% | m2=1.0142 | n2=0.5841 | tau_int=2.33
2026-04-19 10:13:16 | INFO | tfim_1d_nqs | Training point 32/38 | N=64 | J=1.300 | h=1.000
2026-04-19 10:17:03 | INFO | tfim_1d_nqs |   autocorr: tau_int=0.64 | window=4 | n_series=4096
2026-04-19 10:17:03 | INFO | tfim_1d_nqs | Finished J=1.300 | E/N(NQS)=-1.500196 | E/N(exact)=-1.500823 | err=0.042% | m2=1.0180 | n2=0.7997 | tau_int=0.64
2026-04-19 10:17:03 | INFO | tfim_1d_nqs | Training point 33/38 | N=64 | J=1.400 | h=1.000
2026-04-19 10:20:32 | INFO | tfim_1d_nqs |   autocorr: tau_int=0.71 | window=4 | n_series=4096
2026-04-19 10:20:32 | INFO | tfim_1d_nqs | Finished J=1.400 | E/N(NQS)=-1.584929 | E/N(exact)=-1.585188 | err=0.016% | m2=1.0030 | n2=0.8355 | tau_int=0.71
2026-04-19 10:20:32 | INFO | tfim_1d_nqs | Training point 34/38 | N=64 | J=1.500 | h=1.000
2026-04-19 10:24:00 | INFO | tfim_1d_nqs |   autocorr: tau_int=0.47 | window=3 | n_series=4096
2026-04-19 10:24:00 | INFO | tfim_1d_nqs | Finished J=1.500 | E/N(NQS)=-1.671768 | E/N(exact)=-1.671926 | err=0.009% | m2=1.0116 | n2=0.8756 | tau_int=0.47
2026-04-19 10:24:00 | INFO | tfim_1d_nqs | Training point 35/38 | N=64 | J=1.650 | h=1.000
2026-04-19 10:27:29 | INFO | tfim_1d_nqs |   autocorr: tau_int=0.60 | window=4 | n_series=4096
2026-04-19 10:27:29 | INFO | tfim_1d_nqs | Finished J=1.650 | E/N(NQS)=-1.805289 | E/N(exact)=-1.805369 | err=0.004% | m2=1.0018 | n2=0.8938 | tau_int=0.60
2026-04-19 10:27:29 | INFO | tfim_1d_nqs | Training point 36/38 | N=64 | J=2.100 | h=1.000
2026-04-19 10:30:42 | INFO | tfim_1d_nqs |   autocorr: tau_int=0.51 | window=3 | n_series=4096
2026-04-19 10:30:42 | INFO | tfim_1d_nqs | Finished J=2.100 | E/N(NQS)=-2.220837 | E/N(exact)=-2.220840 | err=0.000% | m2=1.0013 | n2=0.9371 | tau_int=0.51
2026-04-19 10:30:42 | INFO | tfim_1d_nqs | Training point 37/38 | N=64 | J=2.550 | h=1.000
2026-04-19 10:33:48 | INFO | tfim_1d_nqs |   autocorr: tau_int=0.74 | window=4 | n_series=4096
2026-04-19 10:33:48 | INFO | tfim_1d_nqs | Finished J=2.550 | E/N(NQS)=-2.648951 | E/N(exact)=-2.649020 | err=0.003% | m2=1.0103 | n2=0.9590 | tau_int=0.74
2026-04-19 10:33:48 | INFO | tfim_1d_nqs | Training point 38/38 | N=64 | J=3.000 | h=1.000
2026-04-19 10:36:50 | INFO | tfim_1d_nqs |   autocorr: tau_int=0.66 | window=4 | n_series=4096
2026-04-19 10:36:50 | INFO | tfim_1d_nqs | Finished J=3.000 | E/N(NQS)=-3.083868 | E/N(exact)=-3.083929 | err=0.002% | m2=0.9999 | n2=0.9704 | tau_int=0.66
2026-04-19 10:36:51 | INFO | tfim_1d_nqs | J=-3.000 | E/N=-3.086573 | exact=-3.086696 | err=0.004% | m2=4.3306 | n2=0.0087 | phase=FERRO
2026-04-19 10:36:51 | INFO | tfim_1d_nqs | J=-2.550 | E/N=-2.652845 | exact=-2.653436 | err=0.022% | m2=4.7119 | n2=0.0071 | phase=FERRO
2026-04-19 10:36:51 | INFO | tfim_1d_nqs | J=-2.100 | E/N=-2.228644 | exact=-2.228448 | err=0.009% | m2=3.8496 | n2=0.0161 | phase=FERRO
2026-04-19 10:36:51 | INFO | tfim_1d_nqs | J=-1.650 | E/N=-1.819654 | exact=-1.819732 | err=0.004% | m2=4.4424 | n2=0.0286 | phase=FERRO
2026-04-19 10:36:51 | INFO | tfim_1d_nqs | J=-1.500 | E/N=-1.689993 | exact=-1.690002 | err=0.001% | m2=4.4487 | n2=0.0377 | phase=FERRO
2026-04-19 10:36:51 | INFO | tfim_1d_nqs | J=-1.400 | E/N=-1.606387 | exact=-1.606294 | err=0.006% | m2=5.0674 | n2=0.0364 | phase=FERRO
2026-04-19 10:36:51 | INFO | tfim_1d_nqs | J=-1.300 | E/N=-1.525313 | exact=-1.525401 | err=0.006% | m2=3.9810 | n2=0.0424 | phase=FERRO
2026-04-19 10:36:51 | INFO | tfim_1d_nqs | J=-1.200 | E/N=-1.447953 | exact=-1.447959 | err=0.000% | m2=4.1348 | n2=0.0493 | phase=FERRO
2026-04-19 10:36:51 | INFO | tfim_1d_nqs | J=-1.100 | E/N=-1.374717 | exact=-1.374726 | err=0.001% | m2=3.9492 | n2=0.0693 | phase=FERRO
2026-04-19 10:36:51 | INFO | tfim_1d_nqs | J=-1.000 | E/N=-1.306541 | exact=-1.306563 | err=0.002% | m2=3.9585 | n2=0.0768 | phase=FERRO
2026-04-19 10:36:51 | INFO | tfim_1d_nqs | J=-0.900 | E/N=-1.244305 | exact=-1.244366 | err=0.005% | m2=3.7163 | n2=0.0851 | phase=FERRO
2026-04-19 10:36:51 | INFO | tfim_1d_nqs | J=-0.800 | E/N=-1.188958 | exact=-1.188963 | err=0.000% | m2=3.4165 | n2=0.1093 | phase=PARA
2026-04-19 10:36:51 | INFO | tfim_1d_nqs | J=-0.750 | E/N=-1.164055 | exact=-1.164012 | err=0.004% | m2=3.4883 | n2=0.1074 | phase=PARA
2026-04-19 10:36:51 | INFO | tfim_1d_nqs | J=-0.700 | E/N=-1.140967 | exact=-1.140964 | err=0.000% | m2=3.3716 | n2=0.1146 | phase=PARA
2026-04-19 10:36:51 | INFO | tfim_1d_nqs | J=-0.600 | E/N=-1.100645 | exact=-1.100642 | err=0.000% | m2=2.7563 | n2=0.1395 | phase=PARA
2026-04-19 10:36:51 | INFO | tfim_1d_nqs | J=-0.500 | E/N=-1.067861 | exact=-1.067890 | err=0.003% | m2=2.8291 | n2=0.1482 | phase=PARA
2026-04-19 10:36:51 | INFO | tfim_1d_nqs | J=-0.300 | E/N=-1.023237 | exact=-1.023240 | err=0.000% | m2=2.4600 | n2=0.1873 | phase=PARA
2026-04-19 10:36:51 | INFO | tfim_1d_nqs | J=-0.100 | E/N=-1.002506 | exact=-1.002509 | err=0.000% | m2=2.1597 | n2=0.2301 | phase=PARA
2026-04-19 10:36:51 | INFO | tfim_1d_nqs | J= 0.000 | E/N=-1.000001 | exact=-1.000000 | err=0.000% | m2=2.0371 | n2=0.2383 | phase=PARA
2026-04-19 10:36:51 | INFO | tfim_1d_nqs | J= 0.100 | E/N=-1.002549 | exact=-1.002509 | err=0.004% | m2=1.8843 | n2=0.2731 | phase=PARA
2026-04-19 10:36:51 | INFO | tfim_1d_nqs | J= 0.300 | E/N=-1.023251 | exact=-1.023240 | err=0.001% | m2=1.7158 | n2=0.3362 | phase=PARA
2026-04-19 10:36:51 | INFO | tfim_1d_nqs | J= 0.500 | E/N=-1.067941 | exact=-1.067890 | err=0.005% | m2=1.5479 | n2=0.4358 | phase=PARA
2026-04-19 10:36:51 | INFO | tfim_1d_nqs | J= 0.600 | E/N=-1.100664 | exact=-1.100642 | err=0.002% | m2=1.5234 | n2=0.4878 | phase=PARA
2026-04-19 10:36:51 | INFO | tfim_1d_nqs | J= 0.700 | E/N=-1.140986 | exact=-1.140964 | err=0.002% | m2=1.4473 | n2=0.5659 | phase=PARA
2026-04-19 10:36:51 | INFO | tfim_1d_nqs | J= 0.750 | E/N=-1.164028 | exact=-1.164012 | err=0.001% | m2=1.4746 | n2=0.5996 | phase=PARA
2026-04-19 10:36:51 | INFO | tfim_1d_nqs | J= 0.800 | E/N=-1.188940 | exact=-1.188963 | err=0.002% | m2=1.4023 | n2=0.6089 | phase=PARA
2026-04-19 10:36:51 | INFO | tfim_1d_nqs | J= 0.900 | E/N=-1.244372 | exact=-1.244366 | err=0.000% | m2=1.3784 | n2=0.6647 | phase=PARA
2026-04-19 10:36:51 | INFO | tfim_1d_nqs | J= 1.000 | E/N=-1.306444 | exact=-1.306563 | err=0.009% | m2=1.3013 | n2=0.7426 | phase=PARA
2026-04-19 10:36:51 | INFO | tfim_1d_nqs | J= 1.100 | E/N=-1.374753 | exact=-1.374726 | err=0.002% | m2=1.2773 | n2=0.7705 | phase=PARA
2026-04-19 10:36:51 | INFO | tfim_1d_nqs | J= 1.200 | E/N=-1.448053 | exact=-1.447959 | err=0.007% | m2=1.2437 | n2=0.8136 | phase=PARA
2026-04-19 10:36:51 | INFO | tfim_1d_nqs | J= 1.200 | E/N=-1.448008 | exact=-1.447959 | err=0.003% | m2=1.1934 | n2=0.8154 | phase=PARA
2026-04-19 10:36:51 | INFO | tfim_1d_nqs | J= 1.300 | E/N=-1.525396 | exact=-1.525401 | err=0.000% | m2=1.2266 | n2=0.8208 | phase=PARA
2026-04-19 10:36:51 | INFO | tfim_1d_nqs | J= 1.400 | E/N=-1.606330 | exact=-1.606294 | err=0.002% | m2=1.1670 | n2=0.8552 | phase=PARA
2026-04-19 10:36:51 | INFO | tfim_1d_nqs | J= 1.500 | E/N=-1.690036 | exact=-1.690002 | err=0.002% | m2=1.0972 | n2=0.8785 | phase=PARA
2026-04-19 10:36:51 | INFO | tfim_1d_nqs | J= 1.650 | E/N=-1.819772 | exact=-1.819732 | err=0.002% | m2=1.0840 | n2=0.9238 | phase=PARA
2026-04-19 10:36:51 | INFO | tfim_1d_nqs | J= 2.100 | E/N=-2.228352 | exact=-2.228448 | err=0.004% | m2=1.0410 | n2=0.9492 | phase=PARA
2026-04-19 10:36:51 | INFO | tfim_1d_nqs | J= 2.550 | E/N=-2.653548 | exact=-2.653436 | err=0.004% | m2=1.0312 | n2=0.9697 | phase=PARA
2026-04-19 10:36:51 | INFO | tfim_1d_nqs | J= 3.000 | E/N=-3.087127 | exact=-3.086696 | err=0.014% | m2=1.0308 | n2=0.9742 | phase=PARA
2026-04-19 10:36:51 | INFO | tfim_1d_nqs | J=-3.000 | E/N=-3.083618 | exact=-3.083940 | err=0.010% | m2=3.9298 | n2=0.0027 | phase=FERRO
2026-04-19 10:36:51 | INFO | tfim_1d_nqs | J=-2.550 | E/N=-2.649305 | exact=-2.649055 | err=0.009% | m2=3.8940 | n2=0.0039 | phase=FERRO
2026-04-19 10:36:51 | INFO | tfim_1d_nqs | J=-2.100 | E/N=-2.221131 | exact=-2.220971 | err=0.007% | m2=3.9098 | n2=0.0066 | phase=FERRO
2026-04-19 10:36:51 | INFO | tfim_1d_nqs | J=-1.650 | E/N=-1.805509 | exact=-1.806020 | err=0.028% | m2=3.5443 | n2=0.0138 | phase=FERRO
2026-04-19 10:36:51 | INFO | tfim_1d_nqs | J=-1.500 | E/N=-1.672968 | exact=-1.673126 | err=0.009% | m2=3.9558 | n2=0.0139 | phase=FERRO
2026-04-19 10:36:51 | INFO | tfim_1d_nqs | J=-1.400 | E/N=-1.587098 | exact=-1.587028 | err=0.004% | m2=4.3427 | n2=0.0179 | phase=FERRO
2026-04-19 10:36:51 | INFO | tfim_1d_nqs | J=-1.300 | E/N=-1.503515 | exact=-1.503675 | err=0.011% | m2=3.7996 | n2=0.0189 | phase=FERRO
2026-04-19 10:36:51 | INFO | tfim_1d_nqs | J=-1.200 | E/N=-1.424208 | exact=-1.424025 | err=0.013% | m2=4.6039 | n2=0.0208 | phase=FERRO
2026-04-19 10:36:51 | INFO | tfim_1d_nqs | J=-1.100 | E/N=-1.349495 | exact=-1.349408 | err=0.006% | m2=3.5858 | n2=0.0294 | phase=FERRO
2026-04-19 10:36:51 | INFO | tfim_1d_nqs | J=-1.000 | E/N=-1.281098 | exact=-1.281458 | err=0.028% | m2=3.1139 | n2=0.0385 | phase=FERRO
2026-04-19 10:36:51 | INFO | tfim_1d_nqs | J=-0.900 | E/N=-1.221603 | exact=-1.221661 | err=0.005% | m2=3.1257 | n2=0.0457 | phase=FERRO
2026-04-19 10:36:51 | INFO | tfim_1d_nqs | J=-0.800 | E/N=-1.170502 | exact=-1.170651 | err=0.013% | m2=2.2910 | n2=0.0527 | phase=FERRO
2026-04-19 10:36:51 | INFO | tfim_1d_nqs | J=-0.750 | E/N=-1.148458 | exact=-1.148327 | err=0.011% | m2=2.6423 | n2=0.0600 | phase=FERRO
2026-04-19 10:36:51 | INFO | tfim_1d_nqs | J=-0.700 | E/N=-1.127881 | exact=-1.127967 | err=0.008% | m2=2.2798 | n2=0.0613 | phase=FERRO
2026-04-19 10:36:51 | INFO | tfim_1d_nqs | J=-0.600 | E/N=-1.092621 | exact=-1.092604 | err=0.002% | m2=2.2296 | n2=0.0692 | phase=FERRO
2026-04-19 10:36:51 | INFO | tfim_1d_nqs | J=-0.500 | E/N=-1.063583 | exact=-1.063635 | err=0.005% | m2=2.0024 | n2=0.0754 | phase=FERRO
2026-04-19 10:36:51 | INFO | tfim_1d_nqs | J=-0.300 | E/N=-1.022642 | exact=-1.022631 | err=0.001% | m2=1.6107 | n2=0.0943 | phase=FERRO
2026-04-19 10:36:51 | INFO | tfim_1d_nqs | J=-0.100 | E/N=-1.002496 | exact=-1.002502 | err=0.001% | m2=1.5435 | n2=0.1162 | phase=PARA
2026-04-19 10:36:51 | INFO | tfim_1d_nqs | J= 0.000 | E/N=-1.000000 | exact=-1.000000 | err=0.000% | m2=1.4819 | n2=0.1213 | phase=PARA
2026-04-19 10:36:51 | INFO | tfim_1d_nqs | J= 0.100 | E/N=-1.002513 | exact=-1.002502 | err=0.001% | m2=1.4500 | n2=0.1373 | phase=PARA
2026-04-19 10:36:51 | INFO | tfim_1d_nqs | J= 0.300 | E/N=-1.022654 | exact=-1.022631 | err=0.002% | m2=1.3231 | n2=0.1776 | phase=PARA
2026-04-19 10:36:51 | INFO | tfim_1d_nqs | J= 0.500 | E/N=-1.063617 | exact=-1.063635 | err=0.002% | m2=1.3109 | n2=0.2337 | phase=PARA
2026-04-19 10:36:51 | INFO | tfim_1d_nqs | J= 0.600 | E/N=-1.092533 | exact=-1.092604 | err=0.006% | m2=1.2847 | n2=0.2863 | phase=PARA
2026-04-19 10:36:51 | INFO | tfim_1d_nqs | J= 0.700 | E/N=-1.127899 | exact=-1.127967 | err=0.006% | m2=1.2273 | n2=0.3439 | phase=PARA
2026-04-19 10:36:51 | INFO | tfim_1d_nqs | J= 0.750 | E/N=-1.148399 | exact=-1.148327 | err=0.006% | m2=1.2175 | n2=0.4030 | phase=PARA
2026-04-19 10:36:51 | INFO | tfim_1d_nqs | J= 0.800 | E/N=-1.170621 | exact=-1.170651 | err=0.003% | m2=1.2190 | n2=0.4140 | phase=PARA
2026-04-19 10:36:51 | INFO | tfim_1d_nqs | J= 0.900 | E/N=-1.221898 | exact=-1.221661 | err=0.019% | m2=1.2029 | n2=0.4835 | phase=PARA
2026-04-19 10:36:51 | INFO | tfim_1d_nqs | J= 1.000 | E/N=-1.281219 | exact=-1.281458 | err=0.019% | m2=1.1744 | n2=0.6162 | phase=PARA
2026-04-19 10:36:51 | INFO | tfim_1d_nqs | J= 1.100 | E/N=-1.349561 | exact=-1.349408 | err=0.011% | m2=1.1262 | n2=0.6959 | phase=PARA
2026-04-19 10:36:51 | INFO | tfim_1d_nqs | J= 1.200 | E/N=-1.423663 | exact=-1.424025 | err=0.025% | m2=1.0905 | n2=0.7928 | phase=PARA
2026-04-19 10:36:51 | INFO | tfim_1d_nqs | J= 1.200 | E/N=-1.423843 | exact=-1.424025 | err=0.013% | m2=1.1160 | n2=0.7698 | phase=PARA
2026-04-19 10:36:51 | INFO | tfim_1d_nqs | J= 1.300 | E/N=-1.503791 | exact=-1.503675 | err=0.008% | m2=1.0662 | n2=0.8292 | phase=PARA
2026-04-19 10:36:51 | INFO | tfim_1d_nqs | J= 1.400 | E/N=-1.587234 | exact=-1.587028 | err=0.013% | m2=1.0712 | n2=0.8687 | phase=PARA
2026-04-19 10:36:51 | INFO | tfim_1d_nqs | J= 1.500 | E/N=-1.672698 | exact=-1.673126 | err=0.026% | m2=1.0394 | n2=0.8824 | phase=PARA
2026-04-19 10:36:51 | INFO | tfim_1d_nqs | J= 1.650 | E/N=-1.805598 | exact=-1.806020 | err=0.023% | m2=1.0562 | n2=0.8962 | phase=PARA
2026-04-19 10:36:51 | INFO | tfim_1d_nqs | J= 2.100 | E/N=-2.220837 | exact=-2.220971 | err=0.006% | m2=1.0262 | n2=0.9565 | phase=PARA
2026-04-19 10:36:51 | INFO | tfim_1d_nqs | J= 2.550 | E/N=-2.649085 | exact=-2.649055 | err=0.001% | m2=1.0265 | n2=0.9623 | phase=PARA
2026-04-19 10:36:51 | INFO | tfim_1d_nqs | J= 3.000 | E/N=-3.083485 | exact=-3.083940 | err=0.015% | m2=1.0024 | n2=0.9766 | phase=PARA
2026-04-19 10:36:51 | INFO | tfim_1d_nqs | J=-3.000 | E/N=-3.083916 | exact=-3.083929 | err=0.000% | m2=4.3724 | n2=0.0021 | phase=FERRO
2026-04-19 10:36:51 | INFO | tfim_1d_nqs | J=-2.550 | E/N=-2.649055 | exact=-2.649020 | err=0.001% | m2=5.8534 | n2=0.0021 | phase=FERRO
2026-04-19 10:36:51 | INFO | tfim_1d_nqs | J=-2.100 | E/N=-2.220954 | exact=-2.220840 | err=0.005% | m2=6.2473 | n2=0.0035 | phase=FERRO
2026-04-19 10:36:51 | INFO | tfim_1d_nqs | J=-1.650 | E/N=-1.805187 | exact=-1.805373 | err=0.010% | m2=5.5430 | n2=0.0056 | phase=FERRO
2026-04-19 10:36:51 | INFO | tfim_1d_nqs | J=-1.500 | E/N=-1.671642 | exact=-1.671942 | err=0.018% | m2=3.3636 | n2=0.0072 | phase=FERRO
2026-04-19 10:36:51 | INFO | tfim_1d_nqs | J=-1.400 | E/N=-1.584845 | exact=-1.585231 | err=0.024% | m2=5.2788 | n2=0.0089 | phase=FERRO
2026-04-19 10:36:51 | INFO | tfim_1d_nqs | J=-1.300 | E/N=-1.501119 | exact=-1.500942 | err=0.012% | m2=3.9880 | n2=0.0099 | phase=FERRO
2026-04-19 10:36:51 | INFO | tfim_1d_nqs | J=-1.200 | E/N=-1.419931 | exact=-1.419967 | err=0.003% | m2=2.8999 | n2=0.0114 | phase=FERRO
2026-04-19 10:36:51 | INFO | tfim_1d_nqs | J=-1.100 | E/N=-1.343683 | exact=-1.343863 | err=0.013% | m2=3.7591 | n2=0.0150 | phase=FERRO
2026-04-19 10:36:51 | INFO | tfim_1d_nqs | J=-1.000 | E/N=-1.275426 | exact=-1.275287 | err=0.011% | m2=3.3703 | n2=0.0187 | phase=FERRO
2026-04-19 10:36:51 | INFO | tfim_1d_nqs | J=-0.900 | E/N=-1.216645 | exact=-1.216805 | err=0.013% | m2=2.2736 | n2=0.0246 | phase=FERRO
2026-04-19 10:36:51 | INFO | tfim_1d_nqs | J=-0.800 | E/N=-1.167846 | exact=-1.167972 | err=0.011% | m2=1.7793 | n2=0.0291 | phase=FERRO
2026-04-19 10:36:51 | INFO | tfim_1d_nqs | J=-0.750 | E/N=-1.146460 | exact=-1.146543 | err=0.007% | m2=2.0066 | n2=0.0292 | phase=FERRO
2026-04-19 10:36:51 | INFO | tfim_1d_nqs | J=-0.700 | E/N=-1.126748 | exact=-1.126851 | err=0.009% | m2=1.6002 | n2=0.0332 | phase=FERRO
2026-04-19 10:36:51 | INFO | tfim_1d_nqs | J=-0.600 | E/N=-1.092120 | exact=-1.092241 | err=0.011% | m2=1.5899 | n2=0.0360 | phase=FERRO
2026-04-19 10:36:51 | INFO | tfim_1d_nqs | J=-0.500 | E/N=-1.063560 | exact=-1.063545 | err=0.001% | m2=1.3796 | n2=0.0398 | phase=FERRO
2026-04-19 10:36:51 | INFO | tfim_1d_nqs | J=-0.300 | E/N=-1.022605 | exact=-1.022630 | err=0.002% | m2=1.2679 | n2=0.0470 | phase=FERRO
2026-04-19 10:36:51 | INFO | tfim_1d_nqs | J=-0.100 | E/N=-1.002479 | exact=-1.002502 | err=0.002% | m2=1.2785 | n2=0.0585 | phase=FERRO
2026-04-19 10:36:51 | INFO | tfim_1d_nqs | J= 0.000 | E/N=-1.000000 | exact=-1.000000 | err=0.000% | m2=1.2729 | n2=0.0612 | phase=FERRO
2026-04-19 10:36:51 | INFO | tfim_1d_nqs | J= 0.100 | E/N=-1.002503 | exact=-1.002502 | err=0.000% | m2=1.1974 | n2=0.0675 | phase=FERRO
2026-04-19 10:36:51 | INFO | tfim_1d_nqs | J= 0.300 | E/N=-1.022609 | exact=-1.022630 | err=0.002% | m2=1.1874 | n2=0.0859 | phase=FERRO
2026-04-19 10:36:51 | INFO | tfim_1d_nqs | J= 0.500 | E/N=-1.063614 | exact=-1.063545 | err=0.007% | m2=1.1597 | n2=0.1161 | phase=PARA
2026-04-19 10:36:51 | INFO | tfim_1d_nqs | J= 0.600 | E/N=-1.092109 | exact=-1.092241 | err=0.012% | m2=1.0964 | n2=0.1409 | phase=PARA
2026-04-19 10:36:51 | INFO | tfim_1d_nqs | J= 0.700 | E/N=-1.126663 | exact=-1.126851 | err=0.017% | m2=1.1355 | n2=0.1756 | phase=PARA
2026-04-19 10:36:51 | INFO | tfim_1d_nqs | J= 0.750 | E/N=-1.146313 | exact=-1.146543 | err=0.020% | m2=1.0907 | n2=0.1894 | phase=PARA
2026-04-19 10:36:51 | INFO | tfim_1d_nqs | J= 0.800 | E/N=-1.167909 | exact=-1.167972 | err=0.005% | m2=1.1132 | n2=0.2301 | phase=PARA
2026-04-19 10:36:51 | INFO | tfim_1d_nqs | J= 0.900 | E/N=-1.216679 | exact=-1.216805 | err=0.010% | m2=1.1024 | n2=0.3279 | phase=PARA
2026-04-19 10:36:51 | INFO | tfim_1d_nqs | J= 1.000 | E/N=-1.275095 | exact=-1.275287 | err=0.015% | m2=1.0858 | n2=0.4936 | phase=PARA
2026-04-19 10:36:51 | INFO | tfim_1d_nqs | J= 1.100 | E/N=-1.343667 | exact=-1.343863 | err=0.015% | m2=1.0429 | n2=0.6543 | phase=PARA
2026-04-19 10:36:51 | INFO | tfim_1d_nqs | J= 1.200 | E/N=-1.419322 | exact=-1.419967 | err=0.045% | m2=1.0211 | n2=0.7509 | phase=PARA
2026-04-19 10:36:51 | INFO | tfim_1d_nqs | J= 1.200 | E/N=-1.420003 | exact=-1.419967 | err=0.002% | m2=1.0572 | n2=0.7691 | phase=PARA
2026-04-19 10:36:51 | INFO | tfim_1d_nqs | J= 1.300 | E/N=-1.500545 | exact=-1.500942 | err=0.026% | m2=1.0448 | n2=0.8149 | phase=PARA
2026-04-19 10:36:51 | INFO | tfim_1d_nqs | J= 1.400 | E/N=-1.584624 | exact=-1.585231 | err=0.038% | m2=1.0410 | n2=0.8506 | phase=PARA
2026-04-19 10:36:51 | INFO | tfim_1d_nqs | J= 1.500 | E/N=-1.671936 | exact=-1.671942 | err=0.000% | m2=1.0319 | n2=0.8831 | phase=PARA
2026-04-19 10:36:51 | INFO | tfim_1d_nqs | J= 1.650 | E/N=-1.805330 | exact=-1.805373 | err=0.002% | m2=1.0333 | n2=0.8941 | phase=PARA
2026-04-19 10:36:51 | INFO | tfim_1d_nqs | J= 2.100 | E/N=-2.220541 | exact=-2.220840 | err=0.013% | m2=1.0095 | n2=0.9359 | phase=PARA
2026-04-19 10:36:51 | INFO | tfim_1d_nqs | J= 2.550 | E/N=-2.648981 | exact=-2.649020 | err=0.001% | m2=1.0173 | n2=0.9604 | phase=PARA
2026-04-19 10:36:51 | INFO | tfim_1d_nqs | J= 3.000 | E/N=-3.084064 | exact=-3.083929 | err=0.004% | m2=1.0013 | n2=0.9728 | phase=PARA
2026-04-19 10:36:51 | INFO | tfim_1d_nqs | J=-3.000 | E/N=-3.083935 | exact=-3.083929 | err=0.000% | m2=4.8860 | n2=0.0010 | phase=FERRO
2026-04-19 10:36:51 | INFO | tfim_1d_nqs | J=-2.550 | E/N=-2.649038 | exact=-2.649020 | err=0.001% | m2=6.7858 | n2=0.0013 | phase=FERRO
2026-04-19 10:36:51 | INFO | tfim_1d_nqs | J=-2.100 | E/N=-2.220792 | exact=-2.220840 | err=0.002% | m2=5.2373 | n2=0.0019 | phase=FERRO
2026-04-19 10:36:51 | INFO | tfim_1d_nqs | J=-1.650 | E/N=-1.805169 | exact=-1.805369 | err=0.011% | m2=3.1822 | n2=0.0027 | phase=FERRO
2026-04-19 10:36:51 | INFO | tfim_1d_nqs | J=-1.500 | E/N=-1.671809 | exact=-1.671926 | err=0.007% | m2=5.8709 | n2=0.0035 | phase=FERRO
2026-04-19 10:36:51 | INFO | tfim_1d_nqs | J=-1.400 | E/N=-1.584946 | exact=-1.585188 | err=0.015% | m2=4.8016 | n2=0.0041 | phase=FERRO
2026-04-19 10:36:51 | INFO | tfim_1d_nqs | J=-1.300 | E/N=-1.500638 | exact=-1.500824 | err=0.012% | m2=4.2267 | n2=0.0046 | phase=FERRO
2026-04-19 10:36:51 | INFO | tfim_1d_nqs | J=-1.200 | E/N=-1.417927 | exact=-1.419626 | err=0.120% | m2=3.3275 | n2=0.0061 | phase=FERRO
2026-04-19 10:36:51 | INFO | tfim_1d_nqs | J=-1.100 | E/N=-1.340912 | exact=-1.342938 | err=0.151% | m2=2.9249 | n2=0.0078 | phase=FERRO
2026-04-19 10:36:51 | INFO | tfim_1d_nqs | J=-1.000 | E/N=-1.272546 | exact=-1.273751 | err=0.095% | m2=2.1941 | n2=0.0105 | phase=FERRO
2026-04-19 10:36:51 | INFO | tfim_1d_nqs | J=-0.900 | E/N=-1.215778 | exact=-1.216052 | err=0.023% | m2=1.8385 | n2=0.0121 | phase=FERRO
2026-04-19 10:36:51 | INFO | tfim_1d_nqs | J=-0.800 | E/N=-1.167450 | exact=-1.167811 | err=0.031% | m2=1.5082 | n2=0.0141 | phase=FERRO
2026-04-19 10:36:51 | INFO | tfim_1d_nqs | J=-0.750 | E/N=-1.146239 | exact=-1.146480 | err=0.021% | m2=1.4318 | n2=0.0151 | phase=FERRO
2026-04-19 10:36:51 | INFO | tfim_1d_nqs | J=-0.700 | E/N=-1.126638 | exact=-1.126829 | err=0.017% | m2=1.2955 | n2=0.0163 | phase=FERRO
2026-04-19 10:36:51 | INFO | tfim_1d_nqs | J=-0.600 | E/N=-1.091986 | exact=-1.092239 | err=0.023% | m2=1.2003 | n2=0.0174 | phase=FERRO
2026-04-19 10:36:51 | INFO | tfim_1d_nqs | J=-0.500 | E/N=-1.063471 | exact=-1.063544 | err=0.007% | m2=1.2297 | n2=0.0201 | phase=FERRO
2026-04-19 10:36:51 | INFO | tfim_1d_nqs | J=-0.300 | E/N=-1.022599 | exact=-1.022630 | err=0.003% | m2=1.1519 | n2=0.0242 | phase=FERRO
2026-04-19 10:36:51 | INFO | tfim_1d_nqs | J=-0.100 | E/N=-1.002486 | exact=-1.002502 | err=0.002% | m2=1.1766 | n2=0.0289 | phase=FERRO
2026-04-19 10:36:51 | INFO | tfim_1d_nqs | J= 0.000 | E/N=-1.000000 | exact=-1.000000 | err=0.000% | m2=1.1146 | n2=0.0308 | phase=FERRO
2026-04-19 10:36:51 | INFO | tfim_1d_nqs | J= 0.100 | E/N=-1.002501 | exact=-1.002502 | err=0.000% | m2=1.1122 | n2=0.0359 | phase=FERRO
2026-04-19 10:36:51 | INFO | tfim_1d_nqs | J= 0.300 | E/N=-1.022591 | exact=-1.022630 | err=0.004% | m2=1.0952 | n2=0.0447 | phase=FERRO
2026-04-19 10:36:51 | INFO | tfim_1d_nqs | J= 0.500 | E/N=-1.063500 | exact=-1.063544 | err=0.004% | m2=1.0947 | n2=0.0569 | phase=FERRO
2026-04-19 10:36:51 | INFO | tfim_1d_nqs | J= 0.600 | E/N=-1.092040 | exact=-1.092239 | err=0.018% | m2=1.0717 | n2=0.0665 | phase=FERRO
2026-04-19 10:36:51 | INFO | tfim_1d_nqs | J= 0.700 | E/N=-1.126880 | exact=-1.126829 | err=0.005% | m2=1.0776 | n2=0.0892 | phase=FERRO
2026-04-19 10:36:51 | INFO | tfim_1d_nqs | J= 0.750 | E/N=-1.146368 | exact=-1.146480 | err=0.010% | m2=1.0620 | n2=0.1008 | phase=PARA
2026-04-19 10:36:51 | INFO | tfim_1d_nqs | J= 0.800 | E/N=-1.167768 | exact=-1.167811 | err=0.004% | m2=1.0670 | n2=0.1182 | phase=PARA
2026-04-19 10:36:51 | INFO | tfim_1d_nqs | J= 0.900 | E/N=-1.215650 | exact=-1.216052 | err=0.033% | m2=1.0438 | n2=0.1597 | phase=PARA
2026-04-19 10:36:51 | INFO | tfim_1d_nqs | J= 1.000 | E/N=-1.272899 | exact=-1.273751 | err=0.067% | m2=1.0433 | n2=0.3140 | phase=PARA
2026-04-19 10:36:51 | INFO | tfim_1d_nqs | J= 1.100 | E/N=-1.341356 | exact=-1.342938 | err=0.118% | m2=1.0234 | n2=0.5599 | phase=PARA
2026-04-19 10:36:51 | INFO | tfim_1d_nqs | J= 1.200 | E/N=-1.418767 | exact=-1.419626 | err=0.061% | m2=1.0322 | n2=0.7187 | phase=PARA
2026-04-19 10:36:51 | INFO | tfim_1d_nqs | J= 1.200 | E/N=-1.418965 | exact=-1.419626 | err=0.047% | m2=1.0207 | n2=0.7281 | phase=PARA
2026-04-19 10:36:51 | INFO | tfim_1d_nqs | J= 1.300 | E/N=-1.500425 | exact=-1.500824 | err=0.027% | m2=1.0284 | n2=0.7872 | phase=PARA
2026-04-19 10:36:51 | INFO | tfim_1d_nqs | J= 1.400 | E/N=-1.584997 | exact=-1.585188 | err=0.012% | m2=1.0113 | n2=0.8492 | phase=PARA
2026-04-19 10:36:51 | INFO | tfim_1d_nqs | J= 1.500 | E/N=-1.671753 | exact=-1.671926 | err=0.010% | m2=1.0112 | n2=0.8718 | phase=PARA
2026-04-19 10:36:51 | INFO | tfim_1d_nqs | J= 1.650 | E/N=-1.805331 | exact=-1.805369 | err=0.002% | m2=1.0127 | n2=0.9006 | phase=PARA
2026-04-19 10:36:51 | INFO | tfim_1d_nqs | J= 2.100 | E/N=-2.220761 | exact=-2.220840 | err=0.004% | m2=1.0061 | n2=0.9363 | phase=PARA
2026-04-19 10:36:51 | INFO | tfim_1d_nqs | J= 2.550 | E/N=-2.649004 | exact=-2.649020 | err=0.001% | m2=1.0068 | n2=0.9606 | phase=PARA
2026-04-19 10:36:51 | INFO | tfim_1d_nqs | J= 3.000 | E/N=-3.083938 | exact=-3.083929 | err=0.000% | m2=1.0001 | n2=0.9750 | phase=PARA
2026-04-19 10:36:51 | INFO | tfim_1d_nqs | J=-3.000 | E/N=-3.083921 | exact=-3.083929 | err=0.000% | m2=4.3906 | n2=0.0004 | phase=FERRO
2026-04-19 10:36:51 | INFO | tfim_1d_nqs | J=-2.550 | E/N=-2.648914 | exact=-2.649020 | err=0.004% | m2=5.3278 | n2=0.0006 | phase=FERRO
2026-04-19 10:36:51 | INFO | tfim_1d_nqs | J=-2.100 | E/N=-2.220783 | exact=-2.220840 | err=0.003% | m2=3.7794 | n2=0.0009 | phase=FERRO
2026-04-19 10:36:51 | INFO | tfim_1d_nqs | J=-1.650 | E/N=-1.805266 | exact=-1.805369 | err=0.006% | m2=5.5280 | n2=0.0015 | phase=FERRO
2026-04-19 10:36:51 | INFO | tfim_1d_nqs | J=-1.500 | E/N=-1.671812 | exact=-1.671926 | err=0.007% | m2=4.0018 | n2=0.0018 | phase=FERRO
2026-04-19 10:36:51 | INFO | tfim_1d_nqs | J=-1.400 | E/N=-1.584843 | exact=-1.585188 | err=0.022% | m2=3.8935 | n2=0.0022 | phase=FERRO
2026-04-19 10:36:51 | INFO | tfim_1d_nqs | J=-1.300 | E/N=-1.500372 | exact=-1.500823 | err=0.030% | m2=5.0530 | n2=0.0026 | phase=FERRO
2026-04-19 10:36:51 | INFO | tfim_1d_nqs | J=-1.200 | E/N=-1.417288 | exact=-1.419619 | err=0.164% | m2=3.1373 | n2=0.0030 | phase=FERRO
2026-04-19 10:36:51 | INFO | tfim_1d_nqs | J=-1.100 | E/N=-1.338949 | exact=-1.342865 | err=0.292% | m2=2.5246 | n2=0.0042 | phase=FERRO
2026-04-19 10:36:51 | INFO | tfim_1d_nqs | J=-1.000 | E/N=-1.271058 | exact=-1.273367 | err=0.181% | m2=1.4465 | n2=0.0052 | phase=FERRO
2026-04-19 10:36:51 | INFO | tfim_1d_nqs | J=-0.900 | E/N=-1.215041 | exact=-1.216002 | err=0.079% | m2=1.3026 | n2=0.0060 | phase=FERRO
2026-04-19 10:36:51 | INFO | tfim_1d_nqs | J=-0.800 | E/N=-1.167453 | exact=-1.167810 | err=0.031% | m2=1.2084 | n2=0.0072 | phase=FERRO
2026-04-19 10:36:51 | INFO | tfim_1d_nqs | J=-0.750 | E/N=-1.146149 | exact=-1.146480 | err=0.029% | m2=1.1987 | n2=0.0075 | phase=FERRO
2026-04-19 10:36:51 | INFO | tfim_1d_nqs | J=-0.700 | E/N=-1.126588 | exact=-1.126829 | err=0.021% | m2=1.1494 | n2=0.0086 | phase=FERRO
2026-04-19 10:36:51 | INFO | tfim_1d_nqs | J=-0.600 | E/N=-1.092162 | exact=-1.092239 | err=0.007% | m2=1.1387 | n2=0.0092 | phase=FERRO
2026-04-19 10:36:51 | INFO | tfim_1d_nqs | J=-0.500 | E/N=-1.063421 | exact=-1.063544 | err=0.012% | m2=1.1102 | n2=0.0104 | phase=FERRO
2026-04-19 10:36:51 | INFO | tfim_1d_nqs | J=-0.300 | E/N=-1.022646 | exact=-1.022630 | err=0.002% | m2=1.0599 | n2=0.0117 | phase=FERRO
2026-04-19 10:36:51 | INFO | tfim_1d_nqs | J=-0.100 | E/N=-1.002493 | exact=-1.002502 | err=0.001% | m2=1.0699 | n2=0.0141 | phase=FERRO
2026-04-19 10:36:51 | INFO | tfim_1d_nqs | J= 0.000 | E/N=-1.000000 | exact=-1.000000 | err=0.000% | m2=1.0553 | n2=0.0151 | phase=FERRO
2026-04-19 10:36:51 | INFO | tfim_1d_nqs | J= 0.100 | E/N=-1.002516 | exact=-1.002502 | err=0.001% | m2=1.0392 | n2=0.0176 | phase=FERRO
2026-04-19 10:36:51 | INFO | tfim_1d_nqs | J= 0.300 | E/N=-1.022591 | exact=-1.022630 | err=0.004% | m2=1.0447 | n2=0.0221 | phase=FERRO
2026-04-19 10:36:51 | INFO | tfim_1d_nqs | J= 0.500 | E/N=-1.063507 | exact=-1.063544 | err=0.004% | m2=1.0211 | n2=0.0299 | phase=FERRO
2026-04-19 10:36:51 | INFO | tfim_1d_nqs | J= 0.600 | E/N=-1.092093 | exact=-1.092239 | err=0.013% | m2=1.0324 | n2=0.0334 | phase=FERRO
2026-04-19 10:36:51 | INFO | tfim_1d_nqs | J= 0.700 | E/N=-1.126567 | exact=-1.126829 | err=0.023% | m2=1.0309 | n2=0.0456 | phase=FERRO
2026-04-19 10:36:51 | INFO | tfim_1d_nqs | J= 0.750 | E/N=-1.146292 | exact=-1.146480 | err=0.016% | m2=1.0328 | n2=0.0483 | phase=FERRO
2026-04-19 10:36:51 | INFO | tfim_1d_nqs | J= 0.800 | E/N=-1.167343 | exact=-1.167810 | err=0.040% | m2=1.0433 | n2=0.0570 | phase=FERRO
2026-04-19 10:36:51 | INFO | tfim_1d_nqs | J= 0.900 | E/N=-1.215245 | exact=-1.216002 | err=0.062% | m2=1.0400 | n2=0.0974 | phase=FERRO
2026-04-19 10:36:51 | INFO | tfim_1d_nqs | J= 1.000 | E/N=-1.271317 | exact=-1.273367 | err=0.161% | m2=1.0289 | n2=0.1555 | phase=PARA
2026-04-19 10:36:51 | INFO | tfim_1d_nqs | J= 1.100 | E/N=-1.337463 | exact=-1.342865 | err=0.402% | m2=1.0144 | n2=0.3499 | phase=PARA
2026-04-19 10:36:51 | INFO | tfim_1d_nqs | J= 1.200 | E/N=-1.416528 | exact=-1.419619 | err=0.218% | m2=1.0186 | n2=0.6264 | phase=PARA
2026-04-19 10:36:51 | INFO | tfim_1d_nqs | J= 1.200 | E/N=-1.415622 | exact=-1.419619 | err=0.282% | m2=1.0142 | n2=0.5841 | phase=PARA
2026-04-19 10:36:51 | INFO | tfim_1d_nqs | J= 1.300 | E/N=-1.500196 | exact=-1.500823 | err=0.042% | m2=1.0180 | n2=0.7997 | phase=PARA
2026-04-19 10:36:51 | INFO | tfim_1d_nqs | J= 1.400 | E/N=-1.584929 | exact=-1.585188 | err=0.016% | m2=1.0030 | n2=0.8355 | phase=PARA
2026-04-19 10:36:51 | INFO | tfim_1d_nqs | J= 1.500 | E/N=-1.671768 | exact=-1.671926 | err=0.009% | m2=1.0116 | n2=0.8756 | phase=PARA
2026-04-19 10:36:51 | INFO | tfim_1d_nqs | J= 1.650 | E/N=-1.805289 | exact=-1.805369 | err=0.004% | m2=1.0018 | n2=0.8938 | phase=PARA
2026-04-19 10:36:51 | INFO | tfim_1d_nqs | J= 2.100 | E/N=-2.220837 | exact=-2.220840 | err=0.000% | m2=1.0013 | n2=0.9371 | phase=PARA
2026-04-19 10:36:51 | INFO | tfim_1d_nqs | J= 2.550 | E/N=-2.648951 | exact=-2.649020 | err=0.003% | m2=1.0103 | n2=0.9590 | phase=PARA
2026-04-19 10:36:51 | INFO | tfim_1d_nqs | J= 3.000 | E/N=-3.083868 | exact=-3.083929 | err=0.002% | m2=0.9999 | n2=0.9704 | phase=PARA
